Component: ARM Compiler 5.06 update 6 (build 750) Tool: armlink [4d35ed]

==============================================================================

Section Cross References

    startup_stm32f411xe.o(STACK) refers (Special) to heapauxi.o(.text) for __use_two_region_memory
    startup_stm32f411xe.o(HEAP) refers (Special) to heapauxi.o(.text) for __use_two_region_memory
    startup_stm32f411xe.o(RESET) refers (Special) to heapauxi.o(.text) for __use_two_region_memory
    startup_stm32f411xe.o(RESET) refers to startup_stm32f411xe.o(STACK) for __initial_sp
    startup_stm32f411xe.o(RESET) refers to startup_stm32f411xe.o(.text) for Reset_Handler
    startup_stm32f411xe.o(RESET) refers to stm32f4xx_it.o(i.NMI_Handler) for NMI_Handler
    startup_stm32f411xe.o(RESET) refers to stm32f4xx_it.o(i.HardFault_Handler) for HardFault_Handler
    startup_stm32f411xe.o(RESET) refers to stm32f4xx_it.o(i.MemManage_Handler) for MemManage_Handler
    startup_stm32f411xe.o(RESET) refers to stm32f4xx_it.o(i.BusFault_Handler) for BusFault_Handler
    startup_stm32f411xe.o(RESET) refers to stm32f4xx_it.o(i.UsageFault_Handler) for UsageFault_Handler
    startup_stm32f411xe.o(RESET) refers to port.o(.emb_text) for SVC_Handler
    startup_stm32f411xe.o(RESET) refers to stm32f4xx_it.o(i.DebugMon_Handler) for DebugMon_Handler
    startup_stm32f411xe.o(RESET) refers to port.o(i.SysTick_Handler) for SysTick_Handler
    startup_stm32f411xe.o(RESET) refers to stm32f4xx_it.o(i.DMA1_Stream6_IRQHandler) for DMA1_Stream6_IRQHandler
    startup_stm32f411xe.o(RESET) refers to stm32f4xx_it.o(i.EXTI9_5_IRQHandler) for EXTI9_5_IRQHandler
    startup_stm32f411xe.o(RESET) refers to stm32f4xx_it.o(i.TIM1_UP_TIM10_IRQHandler) for TIM1_UP_TIM10_IRQHandler
    startup_stm32f411xe.o(RESET) refers to stm32f4xx_it.o(i.TIM2_IRQHandler) for TIM2_IRQHandler
    startup_stm32f411xe.o(RESET) refers to stm32f4xx_it.o(i.USART1_IRQHandler) for USART1_IRQHandler
    startup_stm32f411xe.o(RESET) refers to stm32f4xx_it.o(i.USART2_IRQHandler) for USART2_IRQHandler
    startup_stm32f411xe.o(RESET) refers to stm32f4xx_it.o(i.DMA2_Stream0_IRQHandler) for DMA2_Stream0_IRQHandler
    startup_stm32f411xe.o(RESET) refers to stm32f4xx_it.o(i.DMA2_Stream7_IRQHandler) for DMA2_Stream7_IRQHandler
    startup_stm32f411xe.o(.text) refers (Special) to heapauxi.o(.text) for __use_two_region_memory
    startup_stm32f411xe.o(.text) refers to system_stm32f4xx.o(i.SystemInit) for SystemInit
    startup_stm32f411xe.o(.text) refers to __main.o(!!!main) for __main
    startup_stm32f411xe.o(.text) refers to startup_stm32f411xe.o(HEAP) for Heap_Mem
    startup_stm32f411xe.o(.text) refers to startup_stm32f411xe.o(STACK) for Stack_Mem
    user_task.o(i.LedFadeChase) refers to user_task.o(i.SetLedFade) for SetLedFade
    user_task.o(i.LedFadeChase) refers to tasks.o(i.vTaskDelay) for vTaskDelay
    user_task.o(i.SetLedFade) refers to tasks.o(i.vTaskDelay) for vTaskDelay
    user_task.o(i.SetLedFade) refers to user_task.o(.data) for .data
    user_task.o(i.TaskHienThi) refers to user_task.o(i.giai_ma_quet) for giai_ma_quet
    user_task.o(i.TaskHienThi) refers to user_task.o(i.xuat_8led_7doan) for xuat_8led_7doan
    user_task.o(i.TaskHienThi) refers to tasks.o(i.vTaskDelay) for vTaskDelay
    user_task.o(i.TaskHienThi) refers to user_task.o(.data) for .data
    user_task.o(i.TaskHieuUngLed) refers to tasks.o(i.vTaskDelay) for vTaskDelay
    user_task.o(i.TaskHieuUngLed) refers to user_task.o(.data) for .data
    user_task.o(i.TaskRelay) refers to tasks.o(i.vTaskDelay) for vTaskDelay
    user_task.o(i.TaskRelay) refers to user_task.o(.data) for .data
    user_task.o(i.giai_ma_quet) refers to lora_gateway.o(.data) for rssi
    user_task.o(i.giai_ma_quet) refers to user_task.o(.data) for .data
    user_task.o(i.giai_ma_quet) refers to user_task.o(.constdata) for .constdata
    user_task.o(i.xuat_1_byte) refers to stm32f4xx_hal_gpio.o(i.HAL_GPIO_WritePin) for HAL_GPIO_WritePin
    user_task.o(i.xuat_8led_7doan) refers to user_task.o(i.xuat_1_byte) for xuat_1_byte
    user_task.o(i.xuat_8led_7doan) refers to stm32f4xx_hal_gpio.o(i.HAL_GPIO_WritePin) for HAL_GPIO_WritePin
    user_task.o(i.xuat_8led_7doan) refers to user_task.o(.data) for .data
    lora_gateway.o(i.TaskControlRelay) refers to lora_gateway.o(i.node_control) for node_control
    lora_gateway.o(i.TaskControlRelay) refers to tasks.o(i.vTaskDelay) for vTaskDelay
    lora_gateway.o(i.TaskMaster) refers to _printf_pad.o(.text) for _printf_pre_padding
    lora_gateway.o(i.TaskMaster) refers to _printf_percent.o(.ARM.Collect$$_printf_percent$$00000000) for _printf_percent
    lora_gateway.o(i.TaskMaster) refers to _printf_d.o(.ARM.Collect$$_printf_percent$$00000009) for _printf_d
    lora_gateway.o(i.TaskMaster) refers to _printf_x.o(.ARM.Collect$$_printf_percent$$0000000C) for _printf_x
    lora_gateway.o(i.TaskMaster) refers to _printf_dec.o(.text) for _printf_int_dec
[...]
    .constdata                               0x0800626c   Section       28  main.o(.constdata)
    .constdata                               0x08006288   Section       20  esp32_data.o(.constdata)
    .constdata                               0x0800629c   Section        8  stm32f4xx_hal_dma.o(.constdata)
    flagBitshiftOffset                       0x0800629c   Data           8  stm32f4xx_hal_dma.o(.constdata)
    .constdata                               0x080062a4   Section       16  system_stm32f4xx.o(.constdata)
    .constdata                               0x080062b4   Section        8  system_stm32f4xx.o(.constdata)
    .constdata                               0x080062c0   Section       80  lora.o(.constdata)
    .constdata                               0x08006310   Section       40  _printf_hex_int.o(.constdata)
    uc_hextab                                0x08006310   Data          20  _printf_hex_int.o(.constdata)
    lc_hextab                                0x08006324   Data          20  _printf_hex_int.o(.constdata)
    .constdata                               0x08006338   Section       17  __printf_flags_wp.o(.constdata)
    maptable                                 0x08006338   Data          17  __printf_flags_wp.o(.constdata)
    .conststring                             0x0800634c   Section       12  main.o(.conststring)
    .data                                    0x20000000   Section       11  user_task.o(.data)
    tt8led                                   0x20000000   Data           1  user_task.o(.data)
    .data                                    0x2000000c   Section       16  lora_gateway.o(.data)
    .data                                    0x2000001c   Section        1  lora_gateway.o(.data)
    .data                                    0x2000001d   Section        1  lora_gateway.o(.data)
    .data                                    0x20000020   Section       12  main.o(.data)
    .data                                    0x2000002c   Section       16  esp32_data.o(.data)
    packet_index                             0x2000002c   Data           1  esp32_data.o(.data)
    packet                                   0x20000032   Data           4  esp32_data.o(.data)
    .data                                    0x2000003c   Section       12  stm32f4xx_hal.o(.data)
    .data                                    0x20000048   Section        4  system_stm32f4xx.o(.data)
    .data                                    0x2000004c   Section       60  tasks.o(.data)
    uxDeletedTasksWaitingCleanUp             0x20000050   Data           4  tasks.o(.data)
    uxCurrentNumberOfTasks                   0x20000054   Data           4  tasks.o(.data)
    xTickCount                               0x20000058   Data           4  tasks.o(.data)
    uxTopReadyPriority                       0x2000005c   Data           4  tasks.o(.data)
    xSchedulerRunning                        0x20000060   Data           4  tasks.o(.data)
    xPendedTicks                             0x20000064   Data           4  tasks.o(.data)
    xYieldPending                            0x20000068   Data           4  tasks.o(.data)
    xNumOfOverflows                          0x2000006c   Data           4  tasks.o(.data)
    uxTaskNumber                             0x20000070   Data           4  tasks.o(.data)
    xNextTaskUnblockTime                     0x20000074   Data           4  tasks.o(.data)
    xIdleTaskHandle                          0x20000078   Data           4  tasks.o(.data)
    uxSchedulerSuspended                     0x2000007c   Data           4  tasks.o(.data)
    pxDelayedTaskList                        0x20000080   Data           4  tasks.o(.data)
    pxOverflowDelayedTaskList                0x20000084   Data           4  tasks.o(.data)
    .data                                    0x20000088   Section       32  heap_4.o(.data)
    pxEnd                                    0x20000088   Data           4  heap_4.o(.data)
    xFreeBytesRemaining                      0x2000008c   Data           4  heap_4.o(.data)
    xMinimumEverFreeBytesRemaining           0x20000090   Data           4  heap_4.o(.data)
    xNumberOfSuccessfulAllocations           0x20000094   Data           4  heap_4.o(.data)
    xNumberOfSuccessfulFrees                 0x20000098   Data           4  heap_4.o(.data)
    xBlockAllocatedBit                       0x2000009c   Data           4  heap_4.o(.data)
    xStart                                   0x200000a0   Data           8  heap_4.o(.data)
    .data                                    0x200000a8   Section       12  port.o(.data)
    ucMaxSysCallPriority                     0x200000a8   Data           1  port.o(.data)
    uxCriticalNesting                        0x200000ac   Data           4  port.o(.data)
    ulMaxPRIGROUPValue                       0x200000b0   Data           4  port.o(.data)
    .bss                                     0x200000b4   Section      176  lora_gateway.o(.bss)
    .bss                                     0x20000164   Section      484  main.o(.bss)
    .bss                                     0x20000348   Section       96  main.o(.bss)
    .bss                                     0x200003a8   Section       96  main.o(.bss)
    .bss                                     0x20000408   Section       96  main.o(.bss)
    .bss                                     0x20000468   Section      596  freertos.o(.bss)
    xIdleTaskTCBBuffer                       0x20000468   Data          84  freertos.o(.bss)
    xIdleStack                               0x200004bc   Data         512  freertos.o(.bss)
    .bss                                     0x200006bc   Section       72  stm32f4xx_hal_timebase_tim.o(.bss)
    .bss                                     0x20000704   Section      240  tasks.o(.bss)
    pxReadyTasksLists                        0x20000704   Data         140  tasks.o(.bss)
    xDelayedTaskList1                        0x20000790   Data          20  tasks.o(.bss)
    xDelayedTaskList2                        0x200007a4   Data          20  tasks.o(.bss)
    xPendingReadyList                        0x200007b8   Data          20  tasks.o(.bss)
    xTasksWaitingTermination                 0x200007cc   Data          20  tasks.o(.bss)
    xSuspendedTaskList                       0x200007e0   Data          20  tasks.o(.bss)
    .bss                                     0x200007f4   Section    15360  heap_4.o(.bss)
    ucHeap                                   0x200007f4   Data       15360  heap_4.o(.bss)
    .bss                                     0x200043f4   Section       96  libspace.o(.bss)
    HEAP                                     0x20004458   Section      512  startup_stm32f411xe.o(HEAP)
    Heap_Mem                                 0x20004458   Data         512  startup_stm32f411xe.o(HEAP)
    STACK                                    0x20004658   Section     1024  startup_stm32f411xe.o(STACK)
    Stack_Mem                                0x20004658   Data        1024  startup_stm32f411xe.o(STACK)
    __initial_sp                             0x20004a58   Data           0  startup_stm32f411xe.o(STACK)

    Global Symbols

    Symbol Name                              Value     Ov Type        Size  Object(Section)

    BuildAttributes$$THM_ISAv4$E$P$D$K$B$S$7EM$VFPi3$EXTD16$VFPS$VFMA$PE$A:L22UL41UL21$X:L11$S22US41US21$IEEE1$IW$USESV6$~STKCKD$USESV7$~SHL$OSPACE$ROPI$EBA8$UX$STANDARDLIB$REQ8$PRES8$EABIv2 0x00000000   Number         0  anon$$obj.o ABSOLUTE
    __ARM_use_no_argv                        0x00000000   Number         0  main.o ABSOLUTE
    _printf_flags                            0x00000000   Number         0  printf_stubs.o ABSOLUTE
    _printf_return_value                     0x00000000   Number         0  printf_stubs.o ABSOLUTE
    _printf_sizespec                         0x00000000   Number         0  printf_stubs.o ABSOLUTE
    _printf_widthprec                        0x00000000   Number         0  printf_stubs.o ABSOLUTE
    __ARM_exceptions_init                     - Undefined Weak Reference
    __alloca_initialize                       - Undefined Weak Reference
    __arm_preinit_                            - Undefined Weak Reference
    __cpp_initialize__aeabi_                  - Undefined Weak Reference
    __cxa_finalize                            - Undefined Weak Reference
    __rt_locale                               - Undefined Weak Reference
    __sigvec_lookup                           - Undefined Weak Reference
    _atexit_init                              - Undefined Weak Reference
    _call_atexit_fns                          - Undefined Weak Reference
    _clock_init                               - Undefined Weak Reference
    _fp_trap_init                             - Undefined Weak Reference
    _fp_trap_shutdown                         - Undefined Weak Reference
    _get_lc_collate                           - Undefined Weak Reference
    _get_lc_ctype                             - Undefined Weak Reference
    _get_lc_monetary                          - Undefined Weak Reference
    _get_lc_numeric                           - Undefined Weak Reference
    _get_lc_time                              - Undefined Weak Reference
    _getenv_init                              - Undefined Weak Reference
    _handle_redirection                       - Undefined Weak Reference
    _init_alloc                               - Undefined Weak Reference
    _init_user_alloc                          - Undefined Weak Reference
    _initio                                   - Undefined Weak Reference
    _printf_truncate_signed                   - Undefined Weak Reference
    _printf_truncate_unsigned                 - Undefined Weak Reference
    _signal_finish                            - Undefined Weak Reference
    _signal_init                              - Undefined Weak Reference
    _terminate_alloc                          - Undefined Weak Reference
    _terminate_user_alloc                     - Undefined Weak Reference
    _terminateio                              - Undefined Weak Reference
    __Vectors_Size                           0x00000198   Number         0  startup_stm32f411xe.o ABSOLUTE
    __Vectors                                0x08000000   Data           4  startup_stm32f411xe.o(RESET)
    __Vectors_End                            0x08000198   Data           0  startup_stm32f411xe.o(RESET)
    __main                                   0x08000199   Thumb Code     8  __main.o(!!!main)
    __scatterload                            0x080001a1   Thumb Code     0  __scatter.o(!!!scatter)
    __scatterload_rt2                        0x080001a1   Thumb Code    44  __scatter.o(!!!scatter)
    __scatterload_rt2_thumb_only             0x080001a1   Thumb Code     0  __scatter.o(!!!scatter)
    __scatterload_null                       0x080001af   Thumb Code     0  __scatter.o(!!!scatter)
    __scatterload_copy                       0x080001d5   Thumb Code    26  __scatter_copy.o(!!handler_copy)
    __scatterload_zeroinit                   0x080001f1   Thumb Code    28  __scatter_zi.o(!!handler_zi)
    _printf_d                                0x0800020d   Thumb Code     0  _printf_d.o(.ARM.Collect$$_printf_percent$$00000009)
    _printf_percent                          0x0800020d   Thumb Code     0  _printf_percent.o(.ARM.Collect$$_printf_percent$$00000000)
    _printf_x                                0x08000213   Thumb Code     0  _printf_x.o(.ARM.Collect$$_printf_percent$$0000000C)
    _printf_percent_end                      0x08000219   Thumb Code     0  _printf_percent_end.o(.ARM.Collect$$_printf_percent$$00000017)
    __rt_lib_init                            0x0800021d   Thumb Code     0  libinit.o(.ARM.Collect$$libinit$$00000000)
    __rt_lib_init_fp_1                       0x0800021f   Thumb Code     0  libinit2.o(.ARM.Collect$$libinit$$00000001)
    __rt_lib_init_alloca_1                   0x08000223   Thumb Code     0  libinit2.o(.ARM.Collect$$libinit$$0000002E)
    __rt_lib_init_argv_1                     0x08000223   Thumb Code     0  libinit2.o(.ARM.Collect$$libinit$$0000002C)
    __rt_lib_init_atexit_1                   0x08000223   Thumb Code     0  libinit2.o(.ARM.Collect$$libinit$$0000001B)
    __rt_lib_init_clock_1                    0x08000223   Thumb Code     0  libinit2.o(.ARM.Collect$$libinit$$00000021)
    __rt_lib_init_cpp_1                      0x08000223   Thumb Code     0  libinit2.o(.ARM.Collect$$libinit$$00000032)
    __rt_lib_init_exceptions_1               0x08000223   Thumb Code     0  libinit2.o(.ARM.Collect$$libinit$$00000030)
    __rt_lib_init_fp_trap_1                  0x08000223   Thumb Code     0  libinit2.o(.ARM.Collect$$libinit$$0000001F)
    __rt_lib_init_getenv_1                   0x08000223   Thumb Code     0  libinit2.o(.ARM.Collect$$libinit$$00000023)
    __rt_lib_init_heap_1                     0x08000223   Thumb Code     0  libinit2.o(.ARM.Collect$$libinit$$0000000A)
    __rt_lib_init_lc_collate_1               0x08000223   Thumb Code     0  libinit2.o(.ARM.Collect$$libinit$$00000011)
    __rt_lib_init_lc_ctype_1                 0x08000223   Thumb Code     0  libinit2.o(.ARM.Collect$$libinit$$00000013)
    __rt_lib_init_lc_monetary_1              0x08000223   Thumb Code     0  libinit2.o(.ARM.Collect$$libinit$$00000015)
    __rt_lib_init_lc_numeric_1               0x08000223   Thumb Code     0  libinit2.o(.ARM.Collect$$libinit$$00000017)
    __rt_lib_init_lc_time_1                  0x08000223   Thumb Code     0  libinit2.o(.ARM.Collect$$libinit$$00000019)
    __rt_lib_init_preinit_1                  0x08000223   Thumb Code     0  libinit2.o(.ARM.Collect$$libinit$$00000004)
    __rt_lib_init_rand_1                     0x08000223   Thumb Code     0  libinit2.o(.ARM.Collect$$libinit$$0000000E)
    __rt_lib_init_return                     0x08000223   Thumb Code     0  libinit2.o(.ARM.Collect$$libinit$$00000033)
    __rt_lib_init_signal_1                   0x08000223   Thumb Code     0  libinit2.o(.ARM.Collect$$libinit$$0000001D)
    __rt_lib_init_stdio_1                    0x08000223   Thumb Code     0  libinit2.o(.ARM.Collect$$libinit$$00000025)
    __rt_lib_init_user_alloc_1               0x08000223   Thumb Code     0  libinit2.o(.ARM.Collect$$libinit$$0000000C)
    __rt_lib_shutdown                        0x08000225   Thumb Code     0  libshutdown.o(.ARM.Collect$$libshutdown$$00000000)
    __rt_lib_shutdown_cpp_1                  0x08000227   Thumb Code     0  libshutdown2.o(.ARM.Collect$$libshutdown$$00000002)
    __rt_lib_shutdown_fp_trap_1              0x08000227   Thumb Code     0  libshutdown2.o(.ARM.Collect$$libshutdown$$00000007)
    __rt_lib_shutdown_heap_1                 0x08000227   Thumb Code     0  libshutdown2.o(.ARM.Collect$$libshutdown$$0000000F)
    __rt_lib_shutdown_return                 0x08000227   Thumb Code     0  libshutdown2.o(.ARM.Collect$$libshutdown$$00000010)
    __rt_lib_shutdown_signal_1               0x08000227   Thumb Code     0  libshutdown2.o(.ARM.Collect$$libshutdown$$0000000A)
    __rt_lib_shutdown_stdio_1                0x08000227   Thumb Code     0  libshutdown2.o(.ARM.Collect$$libshutdown$$00000004)
    __rt_lib_shutdown_user_alloc_1           0x08000227   Thumb Code     0  libshutdown2.o(.ARM.Collect$$libshutdown$$0000000C)
    __rt_entry                               0x08000229   Thumb Code     0  __rtentry.o(.ARM.Collect$$rtentry$$00000000)
    __rt_entry_presh_1                       0x08000229   Thumb Code     0  __rtentry2.o(.ARM.Collect$$rtentry$$00000002)
    __rt_entry_sh                            0x08000229   Thumb Code     0  __rtentry4.o(.ARM.Collect$$rtentry$$00000004)
    __rt_entry_li                            0x0800022f   Thumb Code     0  __rtentry2.o(.ARM.Collect$$rtentry$$0000000A)
    __rt_entry_postsh_1                      0x0800022f   Thumb Code     0  __rtentry2.o(.ARM.Collect$$rtentry$$00000009)
    __rt_entry_main                          0x08000233   Thumb Code     0  __rtentry2.o(.ARM.Collect$$rtentry$$0000000D)
    __rt_entry_postli_1                      0x08000233   Thumb Code     0  __rtentry2.o(.ARM.Collect$$rtentry$$0000000C)
    __rt_exit                                0x0800023b   Thumb Code     0  rtexit.o(.ARM.Collect$$rtexit$$00000000)
    __rt_exit_ls                             0x0800023d   Thumb Code     0  rtexit2.o(.ARM.Collect$$rtexit$$00000003)
    __rt_exit_prels_1                        0x0800023d   Thumb Code     0  rtexit2.o(.ARM.Collect$$rtexit$$00000002)
    __rt_exit_exit                           0x08000241   Thumb Code     0  rtexit2.o(.ARM.Collect$$rtexit$$00000004)
    SVC_Handler                              0x08000249   Thumb Code    28  port.o(.emb_text)
    __asm___6_port_c_39a90d8d__prvStartFirstTask 0x08000269   Thumb Code    36  port.o(.emb_text)
    __asm___6_port_c_39a90d8d__prvEnableVFP  0x08000291   Thumb Code    16  port.o(.emb_text)
    PendSV_Handler                           0x080002a5   Thumb Code    88  port.o(.emb_text)
    vPortGetIPSR                             0x08000301   Thumb Code     6  port.o(.emb_text)
    Reset_Handler                            0x08000309   Thumb Code     8  startup_stm32f411xe.o(.text)
    ADC_IRQHandler                           0x08000323   Thumb Code     0  startup_stm32f411xe.o(.text)
    DMA1_Stream0_IRQHandler                  0x08000323   Thumb Code     0  startup_stm32f411xe.o(.text)
    DMA1_Stream1_IRQHandler                  0x08000323   Thumb Code     0  startup_stm32f411xe.o(.text)
    DMA1_Stream2_IRQHandler                  0x08000323   Thumb Code     0  startup_stm32f411xe.o(.text)
    DMA1_Stream3_IRQHandler                  0x08000323   Thumb Code     0  startup_stm32f411xe.o(.text)
    DMA1_Stream4_IRQHandler                  0x08000323   Thumb Code     0  startup_stm32f411xe.o(.text)
    DMA1_Stream5_IRQHandler                  0x08000323   Thumb Code     0  startup_stm32f411xe.o(.text)
    DMA1_Stream7_IRQHandler                  0x08000323   Thumb Code     0  startup_stm32f411xe.o(.text)
    DMA2_Stream1_IRQHandler                  0x08000323   Thumb Code     0  startup_stm32f411xe.o(.text)
    DMA2_Stream2_IRQHandler                  0x08000323   Thumb Code     0  startup_stm32f411xe.o(.text)
    DMA2_Stream3_IRQHandler                  0x08000323   Thumb Code     0  startup_stm32f411xe.o(.text)
    DMA2_Stream4_IRQHandler                  0x08000323   Thumb Code     0  startup_stm32f411xe.o(.text)
    DMA2_Stream5_IRQHandler                  0x08000323   Thumb Code     0  startup_stm32f411xe.o(.text)
    DMA2_Stream6_IRQHandler                  0x08000323   Thumb Code     0  startup_stm32f411xe.o(.text)
    EXTI0_IRQHandler                         0x08000323   Thumb Code     0  startup_stm32f411xe.o(.text)
    EXTI15_10_IRQHandler                     0x08000323   Thumb Code     0  startup_stm32f411xe.o(.text)
    EXTI1_IRQHandler                         0x08000323   Thumb Code     0  startup_stm32f411xe.o(.text)
    EXTI2_IRQHandler                         0x08000323   Thumb Code     0  startup_stm32f411xe.o(.text)
    EXTI3_IRQHandler                         0x08000323   Thumb Code     0  startup_stm32f411xe.o(.text)
    EXTI4_IRQHandler                         0x08000323   Thumb Code     0  startup_stm32f411xe.o(.text)
    FLASH_IRQHandler                         0x08000323   Thumb Code     0  startup_stm32f411xe.o(.text)
    FPU_IRQHandler                           0x08000323   Thumb Code     0  startup_stm32f411xe.o(.text)
    I2C1_ER_IRQHandler                       0x08000323   Thumb Code     0  startup_stm32f411xe.o(.text)
    I2C1_EV_IRQHandler                       0x08000323   Thumb Code     0  startup_stm32f411xe.o(.text)
    I2C2_ER_IRQHandler                       0x08000323   Thumb Code     0  startup_stm32f411xe.o(.text)
    I2C2_EV_IRQHandler                       0x08000323   Thumb Code     0  startup_stm32f411xe.o(.text)
    I2C3_ER_IRQHandler                       0x08000323   Thumb Code     0  startup_stm32f411xe.o(.text)
    I2C3_EV_IRQHandler                       0x08000323   Thumb Code     0  startup_stm32f411xe.o(.text)
    OTG_FS_IRQHandler                        0x08000323   Thumb Code     0  startup_stm32f411xe.o(.text)
    OTG_FS_WKUP_IRQHandler                   0x08000323   Thumb Code     0  startup_stm32f411xe.o(.text)
    PVD_IRQHandler                           0x08000323   Thumb Code     0  startup_stm32f411xe.o(.text)
    RCC_IRQHandler                           0x08000323   Thumb Code     0  startup_stm32f411xe.o(.text)
    RTC_Alarm_IRQHandler                     0x08000323   Thumb Code     0  startup_stm32f411xe.o(.text)
    RTC_WKUP_IRQHandler                      0x08000323   Thumb Code     0  startup_stm32f411xe.o(.text)
    SDIO_IRQHandler                          0x08000323   Thumb Code     0  startup_stm32f411xe.o(.text)
    SPI1_IRQHandler                          0x08000323   Thumb Code     0  startup_stm32f411xe.o(.text)
    SPI2_IRQHandler                          0x08000323   Thumb Code     0  startup_stm32f411xe.o(.text)
    SPI3_IRQHandler                          0x08000323   Thumb Code     0  startup_stm32f411xe.o(.text)
    SPI4_IRQHandler                          0x08000323   Thumb Code     0  startup_stm32f411xe.o(.text)
    SPI5_IRQHandler                          0x08000323   Thumb Code     0  startup_stm32f411xe.o(.text)
    TAMP_STAMP_IRQHandler                    0x08000323   Thumb Code     0  startup_stm32f411xe.o(.text)
    TIM1_BRK_TIM9_IRQHandler                 0x08000323   Thumb Code     0  startup_stm32f411xe.o(.text)
    TIM1_CC_IRQHandler                       0x08000323   Thumb Code     0  startup_stm32f411xe.o(.text)
    TIM1_TRG_COM_TIM11_IRQHandler            0x08000323   Thumb Code     0  startup_stm32f411xe.o(.text)
    TIM3_IRQHandler                          0x08000323   Thumb Code     0  startup_stm32f411xe.o(.text)
    TIM4_IRQHandler                          0x08000323   Thumb Code     0  startup_stm32f411xe.o(.text)
    TIM5_IRQHandler                          0x08000323   Thumb Code     0  startup_stm32f411xe.o(.text)
    USART6_IRQHandler                        0x08000323   Thumb Code     0  startup_stm32f411xe.o(.text)
    WWDG_IRQHandler                          0x08000323   Thumb Code     0  startup_stm32f411xe.o(.text)
    __user_initial_stackheap                 0x08000325   Thumb Code     0  startup_stm32f411xe.o(.text)
    __aeabi_uldivmod                         0x08000349   Thumb Code     0  lludivv7m.o(.text)
    _ll_udiv                                 0x08000349   Thumb Code   238  lludivv7m.o(.text)
    __2sprintf                               0x08000439   Thumb Code    38  __2sprintf.o(.text)
    _printf_pre_padding                      0x08000465   Thumb Code    44  _printf_pad.o(.text)
    _printf_post_padding                     0x08000491   Thumb Code    34  _printf_pad.o(.text)
    _printf_int_dec                          0x080004b5   Thumb Code   104  _printf_dec.o(.text)
    _printf_int_hex                          0x0800052d   Thumb Code    84  _printf_hex_int.o(.text)
    _printf_longlong_hex                     0x0800052d   Thumb Code     0  _printf_hex_int.o(.text)
    __printf                                 0x08000585   Thumb Code   308  __printf_flags_wp.o(.text)
    strlen                                   0x080006bd   Thumb Code    62  strlen.o(.text)
    __aeabi_memcpy                           0x080006fb   Thumb Code     0  rt_memcpy_v6.o(.text)
    __rt_memcpy                              0x080006fb   Thumb Code   138  rt_memcpy_v6.o(.text)
    _memcpy_lastbytes                        0x08000761   Thumb Code     0  rt_memcpy_v6.o(.text)
    __aeabi_memcpy4                          0x08000785   Thumb Code     0  rt_memcpy_w.o(.text)
    __aeabi_memcpy8                          0x08000785   Thumb Code     0  rt_memcpy_w.o(.text)
    __rt_memcpy_w                            0x08000785   Thumb Code   100  rt_memcpy_w.o(.text)
    _memcpy_lastbytes_aligned                0x080007cd   Thumb Code     0  rt_memcpy_w.o(.text)
    __aeabi_memclr4                          0x080007e9   Thumb Code     0  rt_memclr_w.o(.text)
    __aeabi_memclr8                          0x080007e9   Thumb Code     0  rt_memclr_w.o(.text)
    __rt_memclr_w                            0x080007e9   Thumb Code    78  rt_memclr_w.o(.text)
    _memset_w                                0x080007ed   Thumb Code     0  rt_memclr_w.o(.text)
    __use_two_region_memory                  0x08000837   Thumb Code     2  heapauxi.o(.text)
    __rt_heap_escrow$2region                 0x08000839   Thumb Code     2  heapauxi.o(.text)
    __rt_heap_expand$2region                 0x0800083b   Thumb Code     2  heapauxi.o(.text)
    _printf_int_common                       0x0800083d   Thumb Code   178  _printf_intcommon.o(.text)
    _printf_char_common                      0x080008fb   Thumb Code    32  _printf_char_common.o(.text)
    _sputc                                   0x08000921   Thumb Code    10  _sputc.o(.text)
    __user_setup_stackheap                   0x0800092b   Thumb Code    74  sys_stackheap_outer.o(.text)
    exit                                     0x08000975   Thumb Code    18  exit.o(.text)
    __user_libspace                          0x08000989   Thumb Code     8  libspace.o(.text)
    __user_perproc_libspace                  0x08000989   Thumb Code     0  libspace.o(.text)
    __user_perthread_libspace                0x08000989   Thumb Code     0  libspace.o(.text)
    _sys_exit                                0x08000991   Thumb Code     8  sys_exit.o(.text)
    __I$use$semihosting                      0x0800099d   Thumb Code     0  use_no_semi.o(.text)
    __use_no_semihosting_swi                 0x0800099d   Thumb Code     2  use_no_semi.o(.text)
    __semihosting_library_function           0x0800099f   Thumb Code     0  indicate_semi.o(.text)
    BusFault_Handler                         0x08000ac9   Thumb Code     2  stm32f4xx_it.o(i.BusFault_Handler)
    CRC16_Modbus                             0x08000acb   Thumb Code    50  esp32_data.o(i.CRC16_Modbus)
    DMA1_Stream6_IRQHandler                  0x08000afd   Thumb Code     6  stm32f4xx_it.o(i.DMA1_Stream6_IRQHandler)
    DMA2_Stream0_IRQHandler                  0x08000b09   Thumb Code     6  stm32f4xx_it.o(i.DMA2_Stream0_IRQHandler)
    DMA2_Stream7_IRQHandler                  0x08000b15   Thumb Code     6  stm32f4xx_it.o(i.DMA2_Stream7_IRQHandler)
    DebugMon_Handler                         0x08000bc5   Thumb Code     2  stm32f4xx_it.o(i.DebugMon_Handler)
    EXTI9_5_IRQHandler                       0x08000bc7   Thumb Code     8  stm32f4xx_it.o(i.EXTI9_5_IRQHandler)
    Error_Handler                            0x08000bcf   Thumb Code     4  main.o(i.Error_Handler)
    HAL_ADC_ConfigChannel                    0x08000bd5   Thumb Code   334  stm32f4xx_hal_adc.o(i.HAL_ADC_ConfigChannel)
    HAL_ADC_Init                             0x08000d39   Thumb Code    84  stm32f4xx_hal_adc.o(i.HAL_ADC_Init)
    HAL_ADC_MspInit                          0x08000d8d   Thumb Code   130  stm32f4xx_hal_msp.o(i.HAL_ADC_MspInit)
    HAL_DMA_Abort                            0x08000e25   Thumb Code   146  stm32f4xx_hal_dma.o(i.HAL_DMA_Abort)
    HAL_DMA_Abort_IT                         0x08000eb7   Thumb Code    36  stm32f4xx_hal_dma.o(i.HAL_DMA_Abort_IT)
    HAL_DMA_IRQHandler                       0x08000edd   Thumb Code   412  stm32f4xx_hal_dma.o(i.HAL_DMA_IRQHandler)
    HAL_DMA_Init                             0x0800107d   Thumb Code   206  stm32f4xx_hal_dma.o(i.HAL_DMA_Init)
    HAL_DMA_Start_IT                         0x08001151   Thumb Code   110  stm32f4xx_hal_dma.o(i.HAL_DMA_Start_IT)
    HAL_Delay                                0x080011c1   Thumb Code    32  stm32f4xx_hal.o(i.HAL_Delay)
    HAL_GPIO_EXTI_Callback                   0x080011e5   Thumb Code    14  main.o(i.HAL_GPIO_EXTI_Callback)
    HAL_GPIO_EXTI_IRQHandler                 0x080011f9   Thumb Code    18  stm32f4xx_hal_gpio.o(i.HAL_GPIO_EXTI_IRQHandler)
    HAL_GPIO_Init                            0x08001211   Thumb Code   446  stm32f4xx_hal_gpio.o(i.HAL_GPIO_Init)
    HAL_GPIO_TogglePin                       0x080013f1   Thumb Code    16  stm32f4xx_hal_gpio.o(i.HAL_GPIO_TogglePin)
    HAL_GPIO_WritePin                        0x08001401   Thumb Code    10  stm32f4xx_hal_gpio.o(i.HAL_GPIO_WritePin)
    HAL_GetTick                              0x0800140d   Thumb Code     6  stm32f4xx_hal.o(i.HAL_GetTick)
    HAL_I2C_Init                             0x08001419   Thumb Code   376  stm32f4xx_hal_i2c.o(i.HAL_I2C_Init)
    HAL_I2C_MspInit                          0x080015a1   Thumb Code    92  stm32f4xx_hal_msp.o(i.HAL_I2C_MspInit)
    HAL_IncTick                              0x08001609   Thumb Code    12  stm32f4xx_hal.o(i.HAL_IncTick)
    HAL_Init                                 0x08001619   Thumb Code    48  stm32f4xx_hal.o(i.HAL_Init)
    HAL_InitTick                             0x0800164d   Thumb Code   134  stm32f4xx_hal_timebase_tim.o(i.HAL_InitTick)
    HAL_MspInit                              0x080016e5   Thumb Code    52  stm32f4xx_hal_msp.o(i.HAL_MspInit)
    HAL_NVIC_EnableIRQ                       0x0800171d   Thumb Code    26  stm32f4xx_hal_cortex.o(i.HAL_NVIC_EnableIRQ)
    HAL_NVIC_SetPriority                     0x08001739   Thumb Code    60  stm32f4xx_hal_cortex.o(i.HAL_NVIC_SetPriority)
    HAL_NVIC_SetPriorityGrouping             0x08001779   Thumb Code    26  stm32f4xx_hal_cortex.o(i.HAL_NVIC_SetPriorityGrouping)
    HAL_RCCEx_PeriphCLKConfig                0x0800179d   Thumb Code   314  stm32f4xx_hal_rcc_ex.o(i.HAL_RCCEx_PeriphCLKConfig)
    HAL_RCC_ClockConfig                      0x080018f1   Thumb Code   288  stm32f4xx_hal_rcc.o(i.HAL_RCC_ClockConfig)
    HAL_RCC_GetClockConfig                   0x08001a25   Thumb Code    54  stm32f4xx_hal_rcc.o(i.HAL_RCC_GetClockConfig)
    HAL_RCC_GetPCLK1Freq                     0x08001a65   Thumb Code    20  stm32f4xx_hal_rcc.o(i.HAL_RCC_GetPCLK1Freq)
    HAL_RCC_GetPCLK2Freq                     0x08001a85   Thumb Code    20  stm32f4xx_hal_rcc.o(i.HAL_RCC_GetPCLK2Freq)
    HAL_RCC_GetSysClockFreq                  0x08001aa5   Thumb Code    88  stm32f4xx_hal_rcc.o(i.HAL_RCC_GetSysClockFreq)
    HAL_RCC_OscConfig                        0x08001b09   Thumb Code   856  stm32f4xx_hal_rcc.o(i.HAL_RCC_OscConfig)
    HAL_RTC_Init                             0x08001e75   Thumb Code   136  stm32f4xx_hal_rtc.o(i.HAL_RTC_Init)
    HAL_RTC_MspInit                          0x08001f01   Thumb Code    52  stm32f4xx_hal_msp.o(i.HAL_RTC_MspInit)
    HAL_RTC_SetDate                          0x08001f3d   Thumb Code   146  stm32f4xx_hal_rtc.o(i.HAL_RTC_SetDate)
    HAL_RTC_SetTime                          0x08001fd5   Thumb Code   186  stm32f4xx_hal_rtc.o(i.HAL_RTC_SetTime)
    HAL_RTC_WaitForSynchro                   0x08002095   Thumb Code    54  stm32f4xx_hal_rtc.o(i.HAL_RTC_WaitForSynchro)
    HAL_SPI_GetState                         0x080020cb   Thumb Code     6  stm32f4xx_hal_spi.o(i.HAL_SPI_GetState)
    HAL_SPI_Init                             0x080020d1   Thumb Code   188  stm32f4xx_hal_spi.o(i.HAL_SPI_Init)
    HAL_SPI_MspInit                          0x0800218d   Thumb Code    92  stm32f4xx_hal_msp.o(i.HAL_SPI_MspInit)
    HAL_SPI_Receive                          0x080021f5   Thumb Code   346  stm32f4xx_hal_spi.o(i.HAL_SPI_Receive)
    HAL_SPI_Transmit                         0x0800234f   Thumb Code   358  stm32f4xx_hal_spi.o(i.HAL_SPI_Transmit)
    HAL_SPI_TransmitReceive                  0x080024b5   Thumb Code   482  stm32f4xx_hal_spi.o(i.HAL_SPI_TransmitReceive)
    HAL_TIMEx_BreakCallback                  0x08002697   Thumb Code     2  stm32f4xx_hal_tim_ex.o(i.HAL_TIMEx_BreakCallback)
    HAL_TIMEx_CommutCallback                 0x08002699   Thumb Code     2  stm32f4xx_hal_tim_ex.o(i.HAL_TIMEx_CommutCallback)
    HAL_TIMEx_MasterConfigSynchronization    0x0800269d   Thumb Code   104  stm32f4xx_hal_tim_ex.o(i.HAL_TIMEx_MasterConfigSynchronization)
    HAL_TIM_Base_Init                        0x08002719   Thumb Code    90  stm32f4xx_hal_tim.o(i.HAL_TIM_Base_Init)
    HAL_TIM_Base_MspInit                     0x08002775   Thumb Code    50  stm32f4xx_hal_msp.o(i.HAL_TIM_Base_MspInit)
    HAL_TIM_Base_Start_IT                    0x080027b1   Thumb Code    88  stm32f4xx_hal_tim.o(i.HAL_TIM_Base_Start_IT)
    HAL_TIM_ConfigClockSource                0x0800281d   Thumb Code   220  stm32f4xx_hal_tim.o(i.HAL_TIM_ConfigClockSource)
    HAL_TIM_IC_CaptureCallback               0x080028f9   Thumb Code     2  stm32f4xx_hal_tim.o(i.HAL_TIM_IC_CaptureCallback)
    HAL_TIM_IRQHandler                       0x080028fb   Thumb Code   358  stm32f4xx_hal_tim.o(i.HAL_TIM_IRQHandler)
    HAL_TIM_OC_DelayElapsedCallback          0x08002a61   Thumb Code     2  stm32f4xx_hal_tim.o(i.HAL_TIM_OC_DelayElapsedCallback)
    HAL_TIM_PWM_PulseFinishedCallback        0x08002a63   Thumb Code     2  stm32f4xx_hal_tim.o(i.HAL_TIM_PWM_PulseFinishedCallback)
    HAL_TIM_PeriodElapsedCallback            0x08002a65   Thumb Code    14  main.o(i.HAL_TIM_PeriodElapsedCallback)
    HAL_TIM_TriggerCallback                  0x08002a73   Thumb Code     2  stm32f4xx_hal_tim.o(i.HAL_TIM_TriggerCallback)
    HAL_UARTEx_RxEventCallback               0x08002a75   Thumb Code     2  stm32f4xx_hal_uart.o(i.HAL_UARTEx_RxEventCallback)
    HAL_UART_ErrorCallback                   0x08002a77   Thumb Code     2  stm32f4xx_hal_uart.o(i.HAL_UART_ErrorCallback)
    HAL_UART_IRQHandler                      0x08002a79   Thumb Code   610  stm32f4xx_hal_uart.o(i.HAL_UART_IRQHandler)
    HAL_UART_Init                            0x08002ce1   Thumb Code    98  stm32f4xx_hal_uart.o(i.HAL_UART_Init)
    HAL_UART_MspInit                         0x08002d45   Thumb Code   314  stm32f4xx_hal_msp.o(i.HAL_UART_MspInit)
    HAL_UART_Receive_IT                      0x08002ea1   Thumb Code    42  stm32f4xx_hal_uart.o(i.HAL_UART_Receive_IT)
    HAL_UART_RxCpltCallback                  0x08002ecd   Thumb Code    88  esp32_data.o(i.HAL_UART_RxCpltCallback)
    HAL_UART_Transmit                        0x08002f31   Thumb Code   178  stm32f4xx_hal_uart.o(i.HAL_UART_Transmit)
    HAL_UART_Transmit_DMA                    0x08002fe5   Thumb Code   126  stm32f4xx_hal_uart.o(i.HAL_UART_Transmit_DMA)
    HAL_UART_TxCpltCallback                  0x08003071   Thumb Code     2  stm32f4xx_hal_uart.o(i.HAL_UART_TxCpltCallback)
    HAL_UART_TxHalfCpltCallback              0x08003073   Thumb Code     2  stm32f4xx_hal_uart.o(i.HAL_UART_TxHalfCpltCallback)
    HardFault_Handler                        0x08003075   Thumb Code     2  stm32f4xx_it.o(i.HardFault_Handler)
    LoRa_BurstWrite                          0x08003077   Thumb Code    86  lora.o(i.LoRa_BurstWrite)
    LoRa_getRSSI                             0x080030cd   Thumb Code    12  lora.o(i.LoRa_getRSSI)
    LoRa_gotoMode                            0x080030d9   Thumb Code   102  lora.o(i.LoRa_gotoMode)
    LoRa_init                                0x0800313f   Thumb Code   228  lora.o(i.LoRa_init)
    LoRa_read                                0x08003223   Thumb Code    30  lora.o(i.LoRa_read)
    LoRa_readReg                             0x08003241   Thumb Code    88  lora.o(i.LoRa_readReg)
    LoRa_receive                             0x08003299   Thumb Code   124  lora.o(i.LoRa_receive)
    LoRa_setAutoLDO                          0x08003315   Thumb Code    82  lora.o(i.LoRa_setAutoLDO)
    LoRa_setFrequency                        0x0800336d   Thumb Code    64  lora.o(i.LoRa_setFrequency)
    LoRa_setLowDaraRateOptimization          0x080033ad   Thumb Code    42  lora.o(i.LoRa_setLowDaraRateOptimization)
    LoRa_setOCP                              0x080033d7   Thumb Code    62  lora.o(i.LoRa_setOCP)
    LoRa_setPower                            0x08003415   Thumb Code    20  lora.o(i.LoRa_setPower)
    LoRa_setSpreadingFactor                  0x08003429   Thumb Code    64  lora.o(i.LoRa_setSpreadingFactor)
    LoRa_setTOMsb_setCRCon                   0x08003469   Thumb Code    32  lora.o(i.LoRa_setTOMsb_setCRCon)
    LoRa_startReceiving                      0x08003489   Thumb Code     6  lora.o(i.LoRa_startReceiving)
    LoRa_transmit                            0x0800348f   Thumb Code   132  lora.o(i.LoRa_transmit)
    LoRa_write                               0x08003513   Thumb Code    30  lora.o(i.LoRa_write)
    LoRa_writeReg                            0x08003531   Thumb Code    88  lora.o(i.LoRa_writeReg)
    MemManage_Handler                        0x08003899   Thumb Code     2  stm32f4xx_it.o(i.MemManage_Handler)
    NMI_Handler                              0x0800389b   Thumb Code     2  stm32f4xx_it.o(i.NMI_Handler)
    RTC_ByteToBcd2                           0x0800389d   Thumb Code    24  stm32f4xx_hal_rtc.o(i.RTC_ByteToBcd2)
    RTC_EnterInitMode                        0x080038b5   Thumb Code    72  stm32f4xx_hal_rtc.o(i.RTC_EnterInitMode)
    RTC_ExitInitMode                         0x080038fd   Thumb Code    42  stm32f4xx_hal_rtc.o(i.RTC_ExitInitMode)
    StartDefaultTask                         0x08003a95   Thumb Code     8  main.o(i.StartDefaultTask)
    SysTick_Handler                          0x08003a9d   Thumb Code    38  port.o(i.SysTick_Handler)
    SystemClock_Config                       0x08003ac9   Thumb Code   142  main.o(i.SystemClock_Config)
    SystemInit                               0x08003b61   Thumb Code    12  system_stm32f4xx.o(i.SystemInit)
    TIM1_UP_TIM10_IRQHandler                 0x08003b71   Thumb Code     6  stm32f4xx_it.o(i.TIM1_UP_TIM10_IRQHandler)
    TIM2_IRQHandler                          0x08003b7d   Thumb Code     6  stm32f4xx_it.o(i.TIM2_IRQHandler)
    TIM_Base_SetConfig                       0x08003b89   Thumb Code   122  stm32f4xx_hal_tim.o(i.TIM_Base_SetConfig)
    TIM_ETR_SetConfig                        0x08003c21   Thumb Code    20  stm32f4xx_hal_tim.o(i.TIM_ETR_SetConfig)
    TaskData                                 0x08003c8d   Thumb Code   252  esp32_data.o(i.TaskData)
    TaskHienThi                              0x08003d99   Thumb Code    34  user_task.o(i.TaskHienThi)
    TaskHieuUngLed                           0x08003dc1   Thumb Code   558  user_task.o(i.TaskHieuUngLed)
    TaskMaster                               0x08004009   Thumb Code   542  lora_gateway.o(i.TaskMaster)
    TaskRelay                                0x080042c5   Thumb Code    36  user_task.o(i.TaskRelay)
    TaskRelayUART                            0x080042ed   Thumb Code    82  esp32_data.o(i.TaskRelayUART)
    UART_Start_Receive_IT                    0x0800465d   Thumb Code    58  stm32f4xx_hal_uart.o(i.UART_Start_Receive_IT)
    USART1_IRQHandler                        0x08004711   Thumb Code     6  stm32f4xx_it.o(i.USART1_IRQHandler)
    USART2_IRQHandler                        0x0800471d   Thumb Code     6  stm32f4xx_it.o(i.USART2_IRQHandler)
    UsageFault_Handler                       0x08004729   Thumb Code     2  stm32f4xx_it.o(i.UsageFault_Handler)
    _is_digit                                0x0800474b   Thumb Code    14  __printf_wp.o(i._is_digit)
    crc16_ccitt                              0x08004759   Thumb Code    60  lora_gateway.o(i.crc16_ccitt)
    encrypt_xor                              0x08004795   Thumb Code    22  esp32_data.o(i.encrypt_xor)
    giai_ma_quet                             0x080047ad   Thumb Code    86  user_task.o(i.giai_ma_quet)
    lora_init_config                         0x08004811   Thumb Code    90  lora_gateway.o(i.lora_init_config)
    main                                     0x0800487d   Thumb Code   344  main.o(i.main)
    master_send_relay                        0x08004a79   Thumb Code    62  lora_gateway.o(i.master_send_relay)
    newLoRa                                  0x08004abd   Thumb Code    56  lora.o(i.newLoRa)
    node_index_from_id                       0x08004af5   Thumb Code    24  lora_gateway.o(i.node_index_from_id)
    osDelay                                  0x08004b11   Thumb Code    14  cmsis_os.o(i.osDelay)
    osKernelStart                            0x08004b1f   Thumb Code    10  cmsis_os.o(i.osKernelStart)
    osThreadCreate                           0x08004b29   Thumb Code    84  cmsis_os.o(i.osThreadCreate)
    pvPortMalloc                             0x08004ffd   Thumb Code   216  heap_4.o(i.pvPortMalloc)
    pxPortInitialiseStack                    0x080050d9   Thumb Code    40  port.o(i.pxPortInitialiseStack)
    uxListRemove                             0x08005191   Thumb Code    38  list.o(i.uxListRemove)
    vApplicationGetIdleTaskMemory            0x080051b9   Thumb Code    16  freertos.o(i.vApplicationGetIdleTaskMemory)
    vListInitialise                          0x080051cd   Thumb Code    22  list.o(i.vListInitialise)
    vListInitialiseItem                      0x080051e3   Thumb Code     6  list.o(i.vListInitialiseItem)
    vListInsert                              0x080051e9   Thumb Code    48  list.o(i.vListInsert)
    vListInsertEnd                           0x08005219   Thumb Code    24  list.o(i.vListInsertEnd)
    vPortEnterCritical                       0x08005231   Thumb Code    54  port.o(i.vPortEnterCritical)
    vPortExitCritical                        0x08005271   Thumb Code    34  port.o(i.vPortExitCritical)
    vPortFree                                0x08005299   Thumb Code    94  heap_4.o(i.vPortFree)
    vPortSetupTimerInterrupt                 0x080052fd   Thumb Code    32  port.o(i.vPortSetupTimerInterrupt)
    vPortValidateInterruptPriority           0x08005321   Thumb Code    74  port.o(i.vPortValidateInterruptPriority)
    vTaskDelay                               0x08005375   Thumb Code    66  tasks.o(i.vTaskDelay)
    vTaskInternalSetTimeOutState             0x080053c1   Thumb Code    12  tasks.o(i.vTaskInternalSetTimeOutState)
    vTaskMissedYield                         0x080053d1   Thumb Code     8  tasks.o(i.vTaskMissedYield)
    vTaskPlaceOnEventList                    0x080053dd   Thumb Code    44  tasks.o(i.vTaskPlaceOnEventList)
    vTaskStartScheduler                      0x0800540d   Thumb Code    90  tasks.o(i.vTaskStartScheduler)
    vTaskSuspendAll                          0x08005479   Thumb Code    10  tasks.o(i.vTaskSuspendAll)
    vTaskSwitchContext                       0x08005489   Thumb Code    82  tasks.o(i.vTaskSwitchContext)
    xPortStartScheduler                      0x080054e5   Thumb Code   222  port.o(i.xPortStartScheduler)
    xQueueGenericCreate                      0x080055d9   Thumb Code    66  queue.o(i.xQueueGenericCreate)
    xQueueGenericReset                       0x0800561d   Thumb Code   132  queue.o(i.xQueueGenericReset)
    xQueueGenericSend                        0x080056a5   Thumb Code   346  queue.o(i.xQueueGenericSend)
    xQueueGenericSendFromISR                 0x08005805   Thumb Code   190  queue.o(i.xQueueGenericSendFromISR)
    xQueueReceive                            0x080058c5   Thumb Code   308  queue.o(i.xQueueReceive)
    xTaskCheckForTimeOut                     0x080059fd   Thumb Code   112  tasks.o(i.xTaskCheckForTimeOut)
    xTaskCreate                              0x08005a71   Thumb Code    90  tasks.o(i.xTaskCreate)
    xTaskCreateStatic                        0x08005acb   Thumb Code    86  tasks.o(i.xTaskCreateStatic)
    xTaskGetSchedulerState                   0x08005b21   Thumb Code    22  tasks.o(i.xTaskGetSchedulerState)
    xTaskGetTickCount                        0x08005b3d   Thumb Code     6  tasks.o(i.xTaskGetTickCount)
    xTaskIncrementTick                       0x08005b49   Thumb Code   194  tasks.o(i.xTaskIncrementTick)
    xTaskPriorityDisinherit                  0x08005c15   Thumb Code   144  tasks.o(i.xTaskPriorityDisinherit)
    xTaskRemoveFromEventList                 0x08005cad   Thumb Code   108  tasks.o(i.xTaskRemoveFromEventList)
    xTaskResumeAll                           0x08005d21   Thumb Code   182  tasks.o(i.xTaskResumeAll)
    xuat_1_byte                              0x08005de5   Thumb Code    64  user_task.o(i.xuat_1_byte)
    xuat_8led_7doan                          0x08005e29   Thumb Code    66  user_task.o(i.xuat_8led_7doan)
    __aeabi_ddiv                             0x08005e75   Thumb Code     0  ddiv.o(x$fpl$ddiv)
    _ddiv                                    0x08005e75   Thumb Code   552  ddiv.o(x$fpl$ddiv)
    __aeabi_d2iz                             0x08006125   Thumb Code     0  dfix.o(x$fpl$dfix)
    _dfix                                    0x08006125   Thumb Code    94  dfix.o(x$fpl$dfix)
    __aeabi_i2d                              0x08006183   Thumb Code     0  dflt_clz.o(x$fpl$dflt)
    _dflt                                    0x08006183   Thumb Code    46  dflt_clz.o(x$fpl$dflt)
    __fpl_dnaninf                            0x080061b1   Thumb Code   156  dnaninf.o(x$fpl$dnaninf)
    __fpl_dretinf                            0x0800624d   Thumb Code    12  dretinf.o(x$fpl$dretinf)
    _fp_init                                 0x08006259   Thumb Code    10  fpinit.o(x$fpl$fpinit)
    __fplib_config_fpu_vfp                   0x08006261   Thumb Code     0  fpinit.o(x$fpl$fpinit)
    __fplib_config_pureend_doubles           0x08006261   Thumb Code     0  fpinit.o(x$fpl$fpinit)
    __I$use$fp                               0x08006262   Number         0  usenofp.o(x$fpl$usenofp)
    AHBPrescTable                            0x080062a4   Data          16  system_stm32f4xx.o(.constdata)
    APBPrescTable                            0x080062b4   Data           8  system_stm32f4xx.o(.constdata)
    Region$$Table$$Base                      0x08006358   Number         0  anon$$obj.o(Region$$Table)
    Region$$Table$$Limit                     0x08006378   Number         0  anon$$obj.o(Region$$Table)
    output_state                             0x20000001   Data           1  user_task.o(.data)
    led_data                                 0x20000002   Data           1  user_task.o(.data)
    led_7dq                                  0x20000003   Data           8  user_task.o(.data)
    node_list                                0x2000000c   Data           3  lora_gateway.o(.data)
    g_count                                  0x20000010   Data           4  lora_gateway.o(.data)
    rssi                                     0x20000014   Data           4  lora_gateway.o(.data)
    relayQueue                               0x20000018   Data           4  lora_gateway.o(.data)
    state                                    0x2000001c   Data           1  lora_gateway.o(.data)
    node_id_relay                            0x2000001d   Data           1  lora_gateway.o(.data)
    lora_flag                                0x20000020   Data           1  main.o(.data)
    lora_semaphore                           0x20000024   Data           4  main.o(.data)
    defaultTaskHandle                        0x20000028   Data           4  main.o(.data)
    uart2_rx_byte                            0x2000002d   Data           1  esp32_data.o(.data)
    lost_packets                             0x2000002e   Data           2  esp32_data.o(.data)
    total_packets                            0x20000030   Data           2  esp32_data.o(.data)
    uart2Queue                               0x20000038   Data           4  esp32_data.o(.data)
    uwTickFreq                               0x2000003c   Data           1  stm32f4xx_hal.o(.data)
    uwTickPrio                               0x20000040   Data           4  stm32f4xx_hal.o(.data)
    uwTick                                   0x20000044   Data           4  stm32f4xx_hal.o(.data)
    SystemCoreClock                          0x20000048   Data           4  system_stm32f4xx.o(.data)
    pxCurrentTCB                             0x2000004c   Data           4  tasks.o(.data)
    myLoRa                                   0x200000b4   Data          44  lora_gateway.o(.bss)
    g_node_data                              0x200000e0   Data         132  lora_gateway.o(.bss)
    hadc1                                    0x20000164   Data          72  main.o(.bss)
    hi2c1                                    0x200001ac   Data          84  main.o(.bss)
    hrtc                                     0x20000200   Data          32  main.o(.bss)
    hspi1                                    0x20000220   Data          88  main.o(.bss)
    htim1                                    0x20000278   Data          72  main.o(.bss)
    huart1                                   0x200002c0   Data          68  main.o(.bss)
    huart2                                   0x20000304   Data          68  main.o(.bss)
    hdma_adc1                                0x20000348   Data          96  main.o(.bss)
    hdma_usart1_tx                           0x200003a8   Data          96  main.o(.bss)
    hdma_usart2_tx                           0x20000408   Data          96  main.o(.bss)
    htim2                                    0x200006bc   Data          72  stm32f4xx_hal_timebase_tim.o(.bss)
    __libspace_start                         0x200043f4   Data          96  libspace.o(.bss)
    __temporary_stack_top$libspace           0x20004454   Data           0  libspace.o(.bss)



==============================================================================

Memory Map of the image

  Image Entry point : 0x08000199

  Load Region LR_IROM1 (Base: 0x08000000, Size: 0x0000642c, Max: 0x00080000, ABSOLUTE)

    Execution Region ER_IROM1 (Exec base: 0x08000000, Load base: 0x08000000, Size: 0x00006378, Max: 0x00080000, ABSOLUTE)

    Exec Addr    Load Addr    Size         Type   Attr      Idx    E Section Name        Object

    0x08000000   0x08000000   0x00000198   Data   RO            3    RESET               startup_stm32f411xe.o
    0x08000198   0x08000198   0x00000008   Code   RO         6434  * !!!main             c_w.l(__main.o)
    0x080001a0   0x080001a0   0x00000034   Code   RO         6633    !!!scatter          c_w.l(__scatter.o)
    0x080001d4   0x080001d4   0x0000001a   Code   RO         6635    !!handler_copy      c_w.l(__scatter_copy.o)
    0x080001ee   0x080001ee   0x00000002   PAD
    0x080001f0   0x080001f0   0x0000001c   Code   RO         6637    !!handler_zi        c_w.l(__scatter_zi.o)
    0x0800020c   0x0800020c   0x00000000   Code   RO         6414    .ARM.Collect$$_printf_percent$$00000000  c_w.l(_printf_percent.o)
    0x0800020c   0x0800020c   0x00000006   Code   RO         6413    .ARM.Collect$$_printf_percent$$00000009  c_w.l(_printf_d.o)
    0x08000212   0x08000212   0x00000006   Code   RO         6412    .ARM.Collect$$_printf_percent$$0000000C  c_w.l(_printf_x.o)
    0x08000218   0x08000218   0x00000004   Code   RO         6463    .ARM.Collect$$_printf_percent$$00000017  c_w.l(_printf_percent_end.o)
    0x0800021c   0x0800021c   0x00000002   Code   RO         6556    .ARM.Collect$$libinit$$00000000  c_w.l(libinit.o)
    0x0800021e   0x0800021e   0x00000004   Code   RO         6466    .ARM.Collect$$libinit$$00000001  c_w.l(libinit2.o)
    0x08000222   0x08000222   0x00000000   Code   RO         6469    .ARM.Collect$$libinit$$00000004  c_w.l(libinit2.o)
    0x08000222   0x08000222   0x00000000   Code   RO         6472    .ARM.Collect$$libinit$$0000000A  c_w.l(libinit2.o)
    0x08000222   0x08000222   0x00000000   Code   RO         6474    .ARM.Collect$$libinit$$0000000C  c_w.l(libinit2.o)
    0x08000222   0x08000222   0x00000000   Code   RO         6476    .ARM.Collect$$libinit$$0000000E  c_w.l(libinit2.o)
    0x08000222   0x08000222   0x00000000   Code   RO         6479    .ARM.Collect$$libinit$$00000011  c_w.l(libinit2.o)
    0x08000222   0x08000222   0x00000000   Code   RO         6481    .ARM.Collect$$libinit$$00000013  c_w.l(libinit2.o)
    0x08000222   0x08000222   0x00000000   Code   RO         6483    .ARM.Collect$$libinit$$00000015  c_w.l(libinit2.o)
    0x08000222   0x08000222   0x00000000   Code   RO         6485    .ARM.Collect$$libinit$$00000017  c_w.l(libinit2.o)
    0x08000222   0x08000222   0x00000000   Code   RO         6487    .ARM.Collect$$libinit$$00000019  c_w.l(libinit2.o)
    0x08000222   0x08000222   0x00000000   Code   RO         6489    .ARM.Collect$$libinit$$0000001B  c_w.l(libinit2.o)
    0x08000222   0x08000222   0x00000000   Code   RO         6491    .ARM.Collect$$libinit$$0000001D  c_w.l(libinit2.o)
    0x08000222   0x08000222   0x00000000   Code   RO         6493    .ARM.Collect$$libinit$$0000001F  c_w.l(libinit2.o)
    0x08000222   0x08000222   0x00000000   Code   RO         6495    .ARM.Collect$$libinit$$00000021  c_w.l(libinit2.o)
    0x08000222   0x08000222   0x00000000   Code   RO         6497    .ARM.Collect$$libinit$$00000023  c_w.l(libinit2.o)
    0x08000222   0x08000222   0x00000000   Code   RO         6499    .ARM.Collect$$libinit$$00000025  c_w.l(libinit2.o)
    0x08000222   0x08000222   0x00000000   Code   RO         6503    .ARM.Collect$$libinit$$0000002C  c_w.l(libinit2.o)
    0x08000222   0x08000222   0x00000000   Code   RO         6505    .ARM.Collect$$libinit$$0000002E  c_w.l(libinit2.o)
    0x08000222   0x08000222   0x00000000   Code   RO         6507    .ARM.Collect$$libinit$$00000030  c_w.l(libinit2.o)
    0x08000222   0x08000222   0x00000000   Code   RO         6509    .ARM.Collect$$libinit$$00000032  c_w.l(libinit2.o)
    0x08000222   0x08000222   0x00000002   Code   RO         6510    .ARM.Collect$$libinit$$00000033  c_w.l(libinit2.o)
    0x08000224   0x08000224   0x00000002   Code   RO         6600    .ARM.Collect$$libshutdown$$00000000  c_w.l(libshutdown.o)
    0x08000226   0x08000226   0x00000000   Code   RO         6616    .ARM.Collect$$libshutdown$$00000002  c_w.l(libshutdown2.o)
    0x08000226   0x08000226   0x00000000   Code   RO         6618    .ARM.Collect$$libshutdown$$00000004  c_w.l(libshutdown2.o)
    0x08000226   0x08000226   0x00000000   Code   RO         6621    .ARM.Collect$$libshutdown$$00000007  c_w.l(libshutdown2.o)
    0x08000226   0x08000226   0x00000000   Code   RO         6624    .ARM.Collect$$libshutdown$$0000000A  c_w.l(libshutdown2.o)
    0x08000226   0x08000226   0x00000000   Code   RO         6626    .ARM.Collect$$libshutdown$$0000000C  c_w.l(libshutdown2.o)
    0x08000226   0x08000226   0x00000000   Code   RO         6629    .ARM.Collect$$libshutdown$$0000000F  c_w.l(libshutdown2.o)
    0x08000226   0x08000226   0x00000002   Code   RO         6630    .ARM.Collect$$libshutdown$$00000010  c_w.l(libshutdown2.o)
    0x08000228   0x08000228   0x00000000   Code   RO         6450    .ARM.Collect$$rtentry$$00000000  c_w.l(__rtentry.o)
    0x08000228   0x08000228   0x00000000   Code   RO         6517    .ARM.Collect$$rtentry$$00000002  c_w.l(__rtentry2.o)
    0x08000228   0x08000228   0x00000006   Code   RO         6529    .ARM.Collect$$rtentry$$00000004  c_w.l(__rtentry4.o)
    0x0800022e   0x0800022e   0x00000000   Code   RO         6519    .ARM.Collect$$rtentry$$00000009  c_w.l(__rtentry2.o)
    0x0800022e   0x0800022e   0x00000004   Code   RO         6520    .ARM.Collect$$rtentry$$0000000A  c_w.l(__rtentry2.o)
    0x08000232   0x08000232   0x00000000   Code   RO         6522    .ARM.Collect$$rtentry$$0000000C  c_w.l(__rtentry2.o)
    0x08000232   0x08000232   0x00000008   Code   RO         6523    .ARM.Collect$$rtentry$$0000000D  c_w.l(__rtentry2.o)
    0x0800023a   0x0800023a   0x00000002   Code   RO         6562    .ARM.Collect$$rtexit$$00000000  c_w.l(rtexit.o)
    0x0800023c   0x0800023c   0x00000000   Code   RO         6582    .ARM.Collect$$rtexit$$00000002  c_w.l(rtexit2.o)
    0x0800023c   0x0800023c   0x00000004   Code   RO         6583    .ARM.Collect$$rtexit$$00000003  c_w.l(rtexit2.o)
    0x08000240   0x08000240   0x00000006   Code   RO         6584    .ARM.Collect$$rtexit$$00000004  c_w.l(rtexit2.o)
    0x08000246   0x08000246   0x00000002   PAD
    0x08000248   0x08000248   0x000000be   Code   RO         6126    .emb_text           port.o
    0x08000306   0x08000306   0x00000002   PAD
    0x08000308   0x08000308   0x00000040   Code   RO            4    .text               startup_stm32f411xe.o
    0x08000348   0x08000348   0x000000ee   Code   RO         6355    .text               c_w.l(lludivv7m.o)
    0x08000436   0x08000436   0x00000002   PAD
    0x08000438   0x08000438   0x0000002c   Code   RO         6357    .text               c_w.l(__2sprintf.o)
    0x08000464   0x08000464   0x0000004e   Code   RO         6367    .text               c_w.l(_printf_pad.o)
    0x080004b2   0x080004b2   0x00000002   PAD
    0x080004b4   0x080004b4   0x00000078   Code   RO         6369    .text               c_w.l(_printf_dec.o)
    0x0800052c   0x0800052c   0x00000058   Code   RO         6374    .text               c_w.l(_printf_hex_int.o)
    0x08000584   0x08000584   0x00000138   Code   RO         6404    .text               c_w.l(__printf_flags_wp.o)
    0x080006bc   0x080006bc   0x0000003e   Code   RO         6420    .text               c_w.l(strlen.o)
    0x080006fa   0x080006fa   0x0000008a   Code   RO         6424    .text               c_w.l(rt_memcpy_v6.o)
    0x08000784   0x08000784   0x00000064   Code   RO         6426    .text               c_w.l(rt_memcpy_w.o)
    0x080007e8   0x080007e8   0x0000004e   Code   RO         6430    .text               c_w.l(rt_memclr_w.o)
    0x08000836   0x08000836   0x00000006   Code   RO         6432    .text               c_w.l(heapauxi.o)
    0x0800083c   0x0800083c   0x000000b2   Code   RO         6455    .text               c_w.l(_printf_intcommon.o)
    0x080008ee   0x080008ee   0x00000002   PAD
    0x080008f0   0x080008f0   0x00000030   Code   RO         6457    .text               c_w.l(_printf_char_common.o)
    0x08000920   0x08000920   0x0000000a   Code   RO         6459    .text               c_w.l(_sputc.o)
    0x0800092a   0x0800092a   0x0000004a   Code   RO         6539    .text               c_w.l(sys_stackheap_outer.o)
    0x08000974   0x08000974   0x00000012   Code   RO         6541    .text               c_w.l(exit.o)
    0x08000986   0x08000986   0x00000002   PAD
    0x08000988   0x08000988   0x00000008   Code   RO         6559    .text               c_w.l(libspace.o)
    0x08000990   0x08000990   0x0000000c   Code   RO         6576    .text               c_w.l(sys_exit.o)
    0x0800099c   0x0800099c   0x00000002   Code   RO         6578    .text               c_w.l(use_no_semi.o)
    0x0800099e   0x0800099e   0x00000000   Code   RO         6580    .text               c_w.l(indicate_semi.o)
    0x0800099e   0x0800099e   0x00000002   PAD
    0x080009a0   0x080009a0   0x00000128   Code   RO          883    i.ADC_Init          stm32f4xx_hal_adc.o
    0x08000ac8   0x08000ac8   0x00000002   Code   RO          579    i.BusFault_Handler  stm32f4xx_it.o
    0x08000aca   0x08000aca   0x00000032   Code   RO          821    i.CRC16_Modbus      esp32_data.o
    0x08000afc   0x08000afc   0x0000000c   Code   RO          580    i.DMA1_Stream6_IRQHandler  stm32f4xx_it.o
    0x08000b08   0x08000b08   0x0000000c   Code   RO          581    i.DMA2_Stream0_IRQHandler  stm32f4xx_it.o
    0x08000b14   0x08000b14   0x0000000c   Code   RO          582    i.DMA2_Stream7_IRQHandler  stm32f4xx_it.o
    0x08000b20   0x08000b20   0x00000028   Code   RO         1671    i.DMA_CalcBaseAndBitshift  stm32f4xx_hal_dma.o
    0x08000b48   0x08000b48   0x00000054   Code   RO         1672    i.DMA_CheckFifoParam  stm32f4xx_hal_dma.o
    0x08000b9c   0x08000b9c   0x00000028   Code   RO         1673    i.DMA_SetConfig     stm32f4xx_hal_dma.o
    0x08000bc4   0x08000bc4   0x00000002   Code   RO          583    i.DebugMon_Handler  stm32f4xx_it.o
    0x08000bc6   0x08000bc6   0x00000008   Code   RO          584    i.EXTI9_5_IRQHandler  stm32f4xx_it.o
    0x08000bce   0x08000bce   0x00000004   Code   RO          441    i.Error_Handler     main.o
    0x08000bd2   0x08000bd2   0x00000002   PAD
    0x08000bd4   0x08000bd4   0x00000164   Code   RO          885    i.HAL_ADC_ConfigChannel  stm32f4xx_hal_adc.o
    0x08000d38   0x08000d38   0x00000054   Code   RO          894    i.HAL_ADC_Init      stm32f4xx_hal_adc.o
    0x08000d8c   0x08000d8c   0x00000098   Code   RO          686    i.HAL_ADC_MspInit   stm32f4xx_hal_msp.o
    0x08000e24   0x08000e24   0x00000092   Code   RO         1674    i.HAL_DMA_Abort     stm32f4xx_hal_dma.o
    0x08000eb6   0x08000eb6   0x00000024   Code   RO         1675    i.HAL_DMA_Abort_IT  stm32f4xx_hal_dma.o
    0x08000eda   0x08000eda   0x00000002   PAD
    0x08000edc   0x08000edc   0x000001a0   Code   RO         1679    i.HAL_DMA_IRQHandler  stm32f4xx_hal_dma.o
    0x0800107c   0x0800107c   0x000000d4   Code   RO         1680    i.HAL_DMA_Init      stm32f4xx_hal_dma.o
    0x08001150   0x08001150   0x0000006e   Code   RO         1684    i.HAL_DMA_Start_IT  stm32f4xx_hal_dma.o
    0x080011be   0x080011be   0x00000002   PAD
    0x080011c0   0x080011c0   0x00000024   Code   RO         2117    i.HAL_Delay         stm32f4xx_hal.o
    0x080011e4   0x080011e4   0x00000014   Code   RO          442    i.HAL_GPIO_EXTI_Callback  main.o
    0x080011f8   0x080011f8   0x00000018   Code   RO         1566    i.HAL_GPIO_EXTI_IRQHandler  stm32f4xx_hal_gpio.o
    0x08001210   0x08001210   0x000001e0   Code   RO         1567    i.HAL_GPIO_Init     stm32f4xx_hal_gpio.o
    0x080013f0   0x080013f0   0x00000010   Code   RO         1570    i.HAL_GPIO_TogglePin  stm32f4xx_hal_gpio.o
    0x08001400   0x08001400   0x0000000a   Code   RO         1571    i.HAL_GPIO_WritePin  stm32f4xx_hal_gpio.o
    0x0800140a   0x0800140a   0x00000002   PAD
    0x0800140c   0x0800140c   0x0000000c   Code   RO         2123    i.HAL_GetTick       stm32f4xx_hal.o
    0x08001418   0x08001418   0x00000188   Code   RO         2379    i.HAL_I2C_Init      stm32f4xx_hal_i2c.o
    0x080015a0   0x080015a0   0x00000068   Code   RO          688    i.HAL_I2C_MspInit   stm32f4xx_hal_msp.o
    0x08001608   0x08001608   0x00000010   Code   RO         2129    i.HAL_IncTick       stm32f4xx_hal.o
    0x08001618   0x08001618   0x00000034   Code   RO         2130    i.HAL_Init          stm32f4xx_hal.o
    0x0800164c   0x0800164c   0x00000098   Code   RO          782    i.HAL_InitTick      stm32f4xx_hal_timebase_tim.o
    0x080016e4   0x080016e4   0x00000038   Code   RO          689    i.HAL_MspInit       stm32f4xx_hal_msp.o
    0x0800171c   0x0800171c   0x0000001a   Code   RO         1980    i.HAL_NVIC_EnableIRQ  stm32f4xx_hal_cortex.o
    0x08001736   0x08001736   0x00000002   PAD
    0x08001738   0x08001738   0x00000040   Code   RO         1986    i.HAL_NVIC_SetPriority  stm32f4xx_hal_cortex.o
    0x08001778   0x08001778   0x00000024   Code   RO         1987    i.HAL_NVIC_SetPriorityGrouping  stm32f4xx_hal_cortex.o
    0x0800179c   0x0800179c   0x00000154   Code   RO         1264    i.HAL_RCCEx_PeriphCLKConfig  stm32f4xx_hal_rcc_ex.o
    0x080018f0   0x080018f0   0x00000134   Code   RO         1159    i.HAL_RCC_ClockConfig  stm32f4xx_hal_rcc.o
    0x08001a24   0x08001a24   0x00000040   Code   RO         1163    i.HAL_RCC_GetClockConfig  stm32f4xx_hal_rcc.o
    0x08001a64   0x08001a64   0x00000020   Code   RO         1166    i.HAL_RCC_GetPCLK1Freq  stm32f4xx_hal_rcc.o
    0x08001a84   0x08001a84   0x00000020   Code   RO         1167    i.HAL_RCC_GetPCLK2Freq  stm32f4xx_hal_rcc.o
    0x08001aa4   0x08001aa4   0x00000064   Code   RO         1168    i.HAL_RCC_GetSysClockFreq  stm32f4xx_hal_rcc.o
    0x08001b08   0x08001b08   0x0000036c   Code   RO         1171    i.HAL_RCC_OscConfig  stm32f4xx_hal_rcc.o
    0x08001e74   0x08001e74   0x0000008c   Code   RO         2843    i.HAL_RTC_Init      stm32f4xx_hal_rtc.o
    0x08001f00   0x08001f00   0x0000003c   Code   RO          691    i.HAL_RTC_MspInit   stm32f4xx_hal_msp.o
    0x08001f3c   0x08001f3c   0x00000098   Code   RO         2849    i.HAL_RTC_SetDate   stm32f4xx_hal_rtc.o
    0x08001fd4   0x08001fd4   0x000000c0   Code   RO         2850    i.HAL_RTC_SetTime   stm32f4xx_hal_rtc.o
    0x08002094   0x08002094   0x00000036   Code   RO         2851    i.HAL_RTC_WaitForSynchro  stm32f4xx_hal_rtc.o
    0x080020ca   0x080020ca   0x00000006   Code   RO         3228    i.HAL_SPI_GetState  stm32f4xx_hal_spi.o
    0x080020d0   0x080020d0   0x000000bc   Code   RO         3230    i.HAL_SPI_Init      stm32f4xx_hal_spi.o
    0x0800218c   0x0800218c   0x00000068   Code   RO          693    i.HAL_SPI_MspInit   stm32f4xx_hal_msp.o
    0x080021f4   0x080021f4   0x0000015a   Code   RO         3233    i.HAL_SPI_Receive   stm32f4xx_hal_spi.o
    0x0800234e   0x0800234e   0x00000166   Code   RO         3238    i.HAL_SPI_Transmit  stm32f4xx_hal_spi.o
    0x080024b4   0x080024b4   0x000001e2   Code   RO         3239    i.HAL_SPI_TransmitReceive  stm32f4xx_hal_spi.o
    0x08002696   0x08002696   0x00000002   Code   RO         4247    i.HAL_TIMEx_BreakCallback  stm32f4xx_hal_tim_ex.o
    0x08002698   0x08002698   0x00000002   Code   RO         4248    i.HAL_TIMEx_CommutCallback  stm32f4xx_hal_tim_ex.o
    0x0800269a   0x0800269a   0x00000002   PAD
    0x0800269c   0x0800269c   0x0000007c   Code   RO         4266    i.HAL_TIMEx_MasterConfigSynchronization  stm32f4xx_hal_tim_ex.o
    0x08002718   0x08002718   0x0000005a   Code   RO         3543    i.HAL_TIM_Base_Init  stm32f4xx_hal_tim.o
    0x08002772   0x08002772   0x00000002   PAD
    0x08002774   0x08002774   0x0000003c   Code   RO          695    i.HAL_TIM_Base_MspInit  stm32f4xx_hal_msp.o
    0x080027b0   0x080027b0   0x0000006c   Code   RO         3548    i.HAL_TIM_Base_Start_IT  stm32f4xx_hal_tim.o
    0x0800281c   0x0800281c   0x000000dc   Code   RO         3552    i.HAL_TIM_ConfigClockSource  stm32f4xx_hal_tim.o
    0x080028f8   0x080028f8   0x00000002   Code   RO         3577    i.HAL_TIM_IC_CaptureCallback  stm32f4xx_hal_tim.o
    0x080028fa   0x080028fa   0x00000166   Code   RO         3591    i.HAL_TIM_IRQHandler  stm32f4xx_hal_tim.o
    0x08002a60   0x08002a60   0x00000002   Code   RO         3594    i.HAL_TIM_OC_DelayElapsedCallback  stm32f4xx_hal_tim.o
    0x08002a62   0x08002a62   0x00000002   Code   RO         3621    i.HAL_TIM_PWM_PulseFinishedCallback  stm32f4xx_hal_tim.o
    0x08002a64   0x08002a64   0x0000000e   Code   RO          443    i.HAL_TIM_PeriodElapsedCallback  main.o
    0x08002a72   0x08002a72   0x00000002   Code   RO         3634    i.HAL_TIM_TriggerCallback  stm32f4xx_hal_tim.o
    0x08002a74   0x08002a74   0x00000002   Code   RO         4525    i.HAL_UARTEx_RxEventCallback  stm32f4xx_hal_uart.o
    0x08002a76   0x08002a76   0x00000002   Code   RO         4539    i.HAL_UART_ErrorCallback  stm32f4xx_hal_uart.o
    0x08002a78   0x08002a78   0x00000268   Code   RO         4542    i.HAL_UART_IRQHandler  stm32f4xx_hal_uart.o
    0x08002ce0   0x08002ce0   0x00000062   Code   RO         4543    i.HAL_UART_Init     stm32f4xx_hal_uart.o
    0x08002d42   0x08002d42   0x00000002   PAD
    0x08002d44   0x08002d44   0x0000015c   Code   RO          697    i.HAL_UART_MspInit  stm32f4xx_hal_msp.o
    0x08002ea0   0x08002ea0   0x0000002a   Code   RO         4548    i.HAL_UART_Receive_IT  stm32f4xx_hal_uart.o
    0x08002eca   0x08002eca   0x00000002   PAD
    0x08002ecc   0x08002ecc   0x00000064   Code   RO          822    i.HAL_UART_RxCpltCallback  esp32_data.o
    0x08002f30   0x08002f30   0x000000b2   Code   RO         4551    i.HAL_UART_Transmit  stm32f4xx_hal_uart.o
    0x08002fe2   0x08002fe2   0x00000002   PAD
    0x08002fe4   0x08002fe4   0x0000008c   Code   RO         4552    i.HAL_UART_Transmit_DMA  stm32f4xx_hal_uart.o
    0x08003070   0x08003070   0x00000002   Code   RO         4554    i.HAL_UART_TxCpltCallback  stm32f4xx_hal_uart.o
    0x08003072   0x08003072   0x00000002   Code   RO         4555    i.HAL_UART_TxHalfCpltCallback  stm32f4xx_hal_uart.o
    0x08003074   0x08003074   0x00000002   Code   RO          585    i.HardFault_Handler  stm32f4xx_it.o
    0x08003076   0x08003076   0x00000056   Code   RO         6206    i.LoRa_BurstWrite   lora.o
    0x080030cc   0x080030cc   0x0000000c   Code   RO         6207    i.LoRa_getRSSI      lora.o
    0x080030d8   0x080030d8   0x00000066   Code   RO         6208    i.LoRa_gotoMode     lora.o
    0x0800313e   0x0800313e   0x000000e4   Code   RO         6209    i.LoRa_init         lora.o
    0x08003222   0x08003222   0x0000001e   Code   RO         6211    i.LoRa_read         lora.o
    0x08003240   0x08003240   0x00000058   Code   RO         6212    i.LoRa_readReg      lora.o
    0x08003298   0x08003298   0x0000007c   Code   RO         6213    i.LoRa_receive      lora.o
    0x08003314   0x08003314   0x00000058   Code   RO         6215    i.LoRa_setAutoLDO   lora.o
    0x0800336c   0x0800336c   0x00000040   Code   RO         6216    i.LoRa_setFrequency  lora.o
    0x080033ac   0x080033ac   0x0000002a   Code   RO         6217    i.LoRa_setLowDaraRateOptimization  lora.o
    0x080033d6   0x080033d6   0x0000003e   Code   RO         6218    i.LoRa_setOCP       lora.o
    0x08003414   0x08003414   0x00000014   Code   RO         6219    i.LoRa_setPower     lora.o
    0x08003428   0x08003428   0x00000040   Code   RO         6220    i.LoRa_setSpreadingFactor  lora.o
    0x08003468   0x08003468   0x00000020   Code   RO         6222    i.LoRa_setTOMsb_setCRCon  lora.o
    0x08003488   0x08003488   0x00000006   Code   RO         6223    i.LoRa_startReceiving  lora.o
    0x0800348e   0x0800348e   0x00000084   Code   RO         6224    i.LoRa_transmit     lora.o
    0x08003512   0x08003512   0x0000001e   Code   RO         6225    i.LoRa_write        lora.o
    0x08003530   0x08003530   0x00000058   Code   RO         6226    i.LoRa_writeReg     lora.o
    0x08003588   0x08003588   0x00000078   Code   RO          444    i.MX_ADC1_Init      main.o
    0x08003600   0x08003600   0x0000005c   Code   RO          445    i.MX_DMA_Init       main.o
    0x0800365c   0x0800365c   0x0000010c   Code   RO          446    i.MX_GPIO_Init      main.o
    0x08003768   0x08003768   0x00000080   Code   RO          447    i.MX_RTC_Init       main.o
    0x080037e8   0x080037e8   0x00000044   Code   RO          448    i.MX_SPI1_Init      main.o
    0x0800382c   0x0800382c   0x0000006c   Code   RO          449    i.MX_TIM1_Init      main.o
    0x08003898   0x08003898   0x00000002   Code   RO          586    i.MemManage_Handler  stm32f4xx_it.o
    0x0800389a   0x0800389a   0x00000002   Code   RO          587    i.NMI_Handler       stm32f4xx_it.o
    0x0800389c   0x0800389c   0x00000018   Code   RO         2853    i.RTC_ByteToBcd2    stm32f4xx_hal_rtc.o
    0x080038b4   0x080038b4   0x00000048   Code   RO         2854    i.RTC_EnterInitMode  stm32f4xx_hal_rtc.o
    0x080038fc   0x080038fc   0x0000002a   Code   RO         2855    i.RTC_ExitInitMode  stm32f4xx_hal_rtc.o
    0x08003926   0x08003926   0x0000005c   Code   RO         3267    i.SPI_EndRxTransaction  stm32f4xx_hal_spi.o
    0x08003982   0x08003982   0x00000002   PAD
    0x08003984   0x08003984   0x00000058   Code   RO         3268    i.SPI_EndRxTxTransaction  stm32f4xx_hal_spi.o
    0x080039dc   0x080039dc   0x000000b8   Code   RO         3273    i.SPI_WaitFlagStateUntilTimeout  stm32f4xx_hal_spi.o
    0x08003a94   0x08003a94   0x00000008   Code   RO          450    i.StartDefaultTask  main.o
    0x08003a9c   0x08003a9c   0x0000002c   Code   RO         6127    i.SysTick_Handler   port.o
    0x08003ac8   0x08003ac8   0x00000098   Code   RO          451    i.SystemClock_Config  main.o
    0x08003b60   0x08003b60   0x00000010   Code   RO         4872    i.SystemInit        system_stm32f4xx.o
    0x08003b70   0x08003b70   0x0000000c   Code   RO          588    i.TIM1_UP_TIM10_IRQHandler  stm32f4xx_it.o
    0x08003b7c   0x08003b7c   0x0000000c   Code   RO          589    i.TIM2_IRQHandler   stm32f4xx_it.o
    0x08003b88   0x08003b88   0x00000098   Code   RO         3636    i.TIM_Base_SetConfig  stm32f4xx_hal_tim.o
    0x08003c20   0x08003c20   0x00000014   Code   RO         3647    i.TIM_ETR_SetConfig  stm32f4xx_hal_tim.o
    0x08003c34   0x08003c34   0x00000010   Code   RO         3648    i.TIM_ITRx_SetConfig  stm32f4xx_hal_tim.o
    0x08003c44   0x08003c44   0x00000022   Code   RO         3654    i.TIM_TI1_ConfigInputStage  stm32f4xx_hal_tim.o
    0x08003c66   0x08003c66   0x00000024   Code   RO         3656    i.TIM_TI2_ConfigInputStage  stm32f4xx_hal_tim.o
    0x08003c8a   0x08003c8a   0x00000002   PAD
    0x08003c8c   0x08003c8c   0x0000010c   Code   RO          823    i.TaskData          esp32_data.o
    0x08003d98   0x08003d98   0x00000028   Code   RO          229    i.TaskHienThi       user_task.o
    0x08003dc0   0x08003dc0   0x00000248   Code   RO          230    i.TaskHieuUngLed    user_task.o
    0x08004008   0x08004008   0x000002bc   Code   RO          305    i.TaskMaster        lora_gateway.o
    0x080042c4   0x080042c4   0x00000028   Code   RO          231    i.TaskRelay         user_task.o
    0x080042ec   0x080042ec   0x00000094   Code   RO          824    i.TaskRelayUART     esp32_data.o
    0x08004380   0x08004380   0x00000010   Code   RO         4556    i.UART_DMAAbortOnError  stm32f4xx_hal_uart.o
    0x08004390   0x08004390   0x0000004a   Code   RO         4557    i.UART_DMAError     stm32f4xx_hal_uart.o
    0x080043da   0x080043da   0x00000042   Code   RO         4562    i.UART_DMATransmitCplt  stm32f4xx_hal_uart.o
    0x0800441c   0x0800441c   0x0000000a   Code   RO         4564    i.UART_DMATxHalfCplt  stm32f4xx_hal_uart.o
    0x08004426   0x08004426   0x0000004e   Code   RO         4566    i.UART_EndRxTransfer  stm32f4xx_hal_uart.o
    0x08004474   0x08004474   0x0000001c   Code   RO         4567    i.UART_EndTxTransfer  stm32f4xx_hal_uart.o
    0x08004490   0x08004490   0x000000c0   Code   RO         4568    i.UART_Receive_IT   stm32f4xx_hal_uart.o
    0x08004550   0x08004550   0x0000010c   Code   RO         4569    i.UART_SetConfig    stm32f4xx_hal_uart.o
    0x0800465c   0x0800465c   0x0000003a   Code   RO         4571    i.UART_Start_Receive_IT  stm32f4xx_hal_uart.o
    0x08004696   0x08004696   0x00000078   Code   RO         4572    i.UART_WaitOnFlagUntilTimeout  stm32f4xx_hal_uart.o
    0x0800470e   0x0800470e   0x00000002   PAD
    0x08004710   0x08004710   0x0000000c   Code   RO          590    i.USART1_IRQHandler  stm32f4xx_it.o
    0x0800471c   0x0800471c   0x0000000c   Code   RO          591    i.USART2_IRQHandler  stm32f4xx_it.o
    0x08004728   0x08004728   0x00000002   Code   RO          592    i.UsageFault_Handler  stm32f4xx_it.o
    0x0800472a   0x0800472a   0x00000020   Code   RO         1993    i.__NVIC_SetPriority  stm32f4xx_hal_cortex.o
    0x0800474a   0x0800474a   0x0000000e   Code   RO         6402    i._is_digit         c_w.l(__printf_wp.o)
    0x08004758   0x08004758   0x0000003c   Code   RO          309    i.crc16_ccitt       lora_gateway.o
    0x08004794   0x08004794   0x00000016   Code   RO          825    i.encrypt_xor       esp32_data.o
    0x080047aa   0x080047aa   0x00000002   PAD
    0x080047ac   0x080047ac   0x00000064   Code   RO          232    i.giai_ma_quet      user_task.o
    0x08004810   0x08004810   0x0000006c   Code   RO          311    i.lora_init_config  lora_gateway.o
    0x0800487c   0x0800487c   0x000001f0   Code   RO          452    i.main              main.o
    0x08004a6c   0x08004a6c   0x0000000c   Code   RO         5692    i.makeFreeRtosPriority  cmsis_os.o
    0x08004a78   0x08004a78   0x00000044   Code   RO          312    i.master_send_relay  lora_gateway.o
    0x08004abc   0x08004abc   0x00000038   Code   RO         6227    i.newLoRa           lora.o
    0x08004af4   0x08004af4   0x0000001c   Code   RO          314    i.node_index_from_id  lora_gateway.o
    0x08004b10   0x08004b10   0x0000000e   Code   RO         5694    i.osDelay           cmsis_os.o
    0x08004b1e   0x08004b1e   0x0000000a   Code   RO         5697    i.osKernelStart     cmsis_os.o
    0x08004b28   0x08004b28   0x00000054   Code   RO         5731    i.osThreadCreate    cmsis_os.o
    0x08004b7c   0x08004b7c   0x00000070   Code   RO         5374    i.prvAddCurrentTaskToDelayedList  tasks.o
    0x08004bec   0x08004bec   0x000000d0   Code   RO         5375    i.prvAddNewTaskToReadyList  tasks.o
    0x08004cbc   0x08004cbc   0x00000026   Code   RO         5050    i.prvCopyDataFromQueue  queue.o
    0x08004ce2   0x08004ce2   0x0000006c   Code   RO         5051    i.prvCopyDataToQueue  queue.o
    0x08004d4e   0x08004d4e   0x00000034   Code   RO         5376    i.prvDeleteTCB      tasks.o
    0x08004d82   0x08004d82   0x00000002   PAD
    0x08004d84   0x08004d84   0x0000004c   Code   RO         6059    i.prvHeapInit       heap_4.o
    0x08004dd0   0x08004dd0   0x00000060   Code   RO         5377    i.prvIdleTask       tasks.o
    0x08004e30   0x08004e30   0x00000016   Code   RO         5053    i.prvInitialiseNewQueue  queue.o
    0x08004e46   0x08004e46   0x00000098   Code   RO         5378    i.prvInitialiseNewTask  tasks.o
    0x08004ede   0x08004ede   0x00000002   PAD
    0x08004ee0   0x08004ee0   0x0000004c   Code   RO         6060    i.prvInsertBlockIntoFreeList  heap_4.o
    0x08004f2c   0x08004f2c   0x0000001c   Code   RO         5054    i.prvIsQueueEmpty   queue.o
    0x08004f48   0x08004f48   0x00000020   Code   RO         5379    i.prvResetNextTaskUnblockTime  tasks.o
    0x08004f68   0x08004f68   0x00000028   Code   RO         6128    i.prvTaskExitError  port.o
    0x08004f90   0x08004f90   0x0000006a   Code   RO         5055    i.prvUnlockQueue    queue.o
    0x08004ffa   0x08004ffa   0x00000002   PAD
    0x08004ffc   0x08004ffc   0x000000dc   Code   RO         6061    i.pvPortMalloc      heap_4.o
    0x080050d8   0x080050d8   0x0000002c   Code   RO         6129    i.pxPortInitialiseStack  port.o
    0x08005104   0x08005104   0x0000008c   Code   RO          315    i.uart_send_frame_for_esp32  lora_gateway.o
    0x08005190   0x08005190   0x00000026   Code   RO         5010    i.uxListRemove      list.o
    0x080051b6   0x080051b6   0x00000002   PAD
    0x080051b8   0x080051b8   0x00000014   Code   RO          545    i.vApplicationGetIdleTaskMemory  freertos.o
    0x080051cc   0x080051cc   0x00000016   Code   RO         5011    i.vListInitialise   list.o
    0x080051e2   0x080051e2   0x00000006   Code   RO         5012    i.vListInitialiseItem  list.o
    0x080051e8   0x080051e8   0x00000030   Code   RO         5013    i.vListInsert       list.o
    0x08005218   0x08005218   0x00000018   Code   RO         5014    i.vListInsertEnd    list.o
    0x08005230   0x08005230   0x00000040   Code   RO         6131    i.vPortEnterCritical  port.o
    0x08005270   0x08005270   0x00000028   Code   RO         6132    i.vPortExitCritical  port.o
    0x08005298   0x08005298   0x00000064   Code   RO         6062    i.vPortFree         heap_4.o
    0x080052fc   0x080052fc   0x00000024   Code   RO         6133    i.vPortSetupTimerInterrupt  port.o
    0x08005320   0x08005320   0x00000054   Code   RO         6134    i.vPortValidateInterruptPriority  port.o
    0x08005374   0x08005374   0x0000004c   Code   RO         5388    i.vTaskDelay        tasks.o
    0x080053c0   0x080053c0   0x00000010   Code   RO         5391    i.vTaskInternalSetTimeOutState  tasks.o
    0x080053d0   0x080053d0   0x0000000c   Code   RO         5392    i.vTaskMissedYield  tasks.o
    0x080053dc   0x080053dc   0x00000030   Code   RO         5394    i.vTaskPlaceOnEventList  tasks.o
    0x0800540c   0x0800540c   0x0000006c   Code   RO         5401    i.vTaskStartScheduler  tasks.o
    0x08005478   0x08005478   0x00000010   Code   RO         5403    i.vTaskSuspendAll   tasks.o
    0x08005488   0x08005488   0x0000005c   Code   RO         5404    i.vTaskSwitchContext  tasks.o
    0x080054e4   0x080054e4   0x000000f4   Code   RO         6135    i.xPortStartScheduler  port.o
    0x080055d8   0x080055d8   0x00000042   Code   RO         5064    i.xQueueGenericCreate  queue.o
    0x0800561a   0x0800561a   0x00000002   PAD
    0x0800561c   0x0800561c   0x00000088   Code   RO         5066    i.xQueueGenericReset  queue.o
    0x080056a4   0x080056a4   0x00000160   Code   RO         5067    i.xQueueGenericSend  queue.o
    0x08005804   0x08005804   0x000000be   Code   RO         5068    i.xQueueGenericSendFromISR  queue.o
    0x080058c2   0x080058c2   0x00000002   PAD
    0x080058c4   0x080058c4   0x00000138   Code   RO         5074    i.xQueueReceive     queue.o
    0x080059fc   0x080059fc   0x00000074   Code   RO         5406    i.xTaskCheckForTimeOut  tasks.o
    0x08005a70   0x08005a70   0x0000005a   Code   RO         5407    i.xTaskCreate       tasks.o
    0x08005aca   0x08005aca   0x00000056   Code   RO         5408    i.xTaskCreateStatic  tasks.o
    0x08005b20   0x08005b20   0x0000001c   Code   RO         5412    i.xTaskGetSchedulerState  tasks.o
    0x08005b3c   0x08005b3c   0x0000000c   Code   RO         5413    i.xTaskGetTickCount  tasks.o
    0x08005b48   0x08005b48   0x000000cc   Code   RO         5415    i.xTaskIncrementTick  tasks.o
    0x08005c14   0x08005c14   0x00000098   Code   RO         5418    i.xTaskPriorityDisinherit  tasks.o
    0x08005cac   0x08005cac   0x00000074   Code   RO         5420    i.xTaskRemoveFromEventList  tasks.o
    0x08005d20   0x08005d20   0x000000c4   Code   RO         5421    i.xTaskResumeAll    tasks.o
    0x08005de4   0x08005de4   0x00000044   Code   RO          233    i.xuat_1_byte       user_task.o
    0x08005e28   0x08005e28   0x0000004c   Code   RO          234    i.xuat_8led_7doan   user_task.o
    0x08005e74   0x08005e74   0x000002b0   Code   RO         6437    x$fpl$ddiv          fz_wm.l(ddiv.o)
    0x08006124   0x08006124   0x0000005e   Code   RO         6440    x$fpl$dfix          fz_wm.l(dfix.o)
    0x08006182   0x08006182   0x0000002e   Code   RO         6445    x$fpl$dflt          fz_wm.l(dflt_clz.o)
    0x080061b0   0x080061b0   0x0000009c   Code   RO         6511    x$fpl$dnaninf       fz_wm.l(dnaninf.o)
    0x0800624c   0x0800624c   0x0000000c   Code   RO         6513    x$fpl$dretinf       fz_wm.l(dretinf.o)
    0x08006258   0x08006258   0x0000000a   Code   RO         6537    x$fpl$fpinit        fz_wm.l(fpinit.o)
    0x08006262   0x08006262   0x00000000   Code   RO         6515    x$fpl$usenofp       fz_wm.l(usenofp.o)
    0x08006262   0x08006262   0x0000000a   Data   RO          235    .constdata          user_task.o
    0x0800626c   0x0800626c   0x0000001c   Data   RO          458    .constdata          main.o
    0x08006288   0x08006288   0x00000014   Data   RO          826    .constdata          esp32_data.o
    0x0800629c   0x0800629c   0x00000008   Data   RO         1686    .constdata          stm32f4xx_hal_dma.o
    0x080062a4   0x080062a4   0x00000010   Data   RO         4873    .constdata          system_stm32f4xx.o
    0x080062b4   0x080062b4   0x00000008   Data   RO         4874    .constdata          system_stm32f4xx.o
    0x080062bc   0x080062bc   0x00000004   PAD
    0x080062c0   0x080062c0   0x00000050   Data   RO         6228    .constdata          lora.o
    0x08006310   0x08006310   0x00000028   Data   RO         6375    .constdata          c_w.l(_printf_hex_int.o)
    0x08006338   0x08006338   0x00000011   Data   RO         6405    .constdata          c_w.l(__printf_flags_wp.o)
    0x08006349   0x08006349   0x00000003   PAD
    0x0800634c   0x0800634c   0x0000000c   Data   RO          459    .conststring        main.o
    0x08006358   0x08006358   0x00000020   Data   RO         6631    Region$$Table       anon$$obj.o


    Execution Region RW_IRAM1 (Exec base: 0x20000000, Load base: 0x08006378, Size: 0x00004a58, Max: 0x00020000, ABSOLUTE)

    Exec Addr    Load Addr    Size         Type   Attr      Idx    E Section Name        Object

    0x20000000   0x08006378   0x0000000b   Data   RW          236    .data               user_task.o
    0x2000000b   0x08006383   0x00000001   PAD
    0x2000000c   0x08006384   0x00000010   Data   RW          322    .data               lora_gateway.o
    0x2000001c   0x08006394   0x00000001   Data   RW          324    .data               lora_gateway.o
    0x2000001d   0x08006395   0x00000001   Data   RW          325    .data               lora_gateway.o
    0x2000001e   0x08006396   0x00000002   PAD
    0x20000020   0x08006398   0x0000000c   Data   RW          460    .data               main.o
    0x2000002c   0x080063a4   0x00000010   Data   RW          827    .data               esp32_data.o
    0x2000003c   0x080063b4   0x0000000c   Data   RW         2137    .data               stm32f4xx_hal.o
    0x20000048   0x080063c0   0x00000004   Data   RW         4875    .data               system_stm32f4xx.o
    0x2000004c   0x080063c4   0x0000003c   Data   RW         5424    .data               tasks.o
    0x20000088   0x08006400   0x00000020   Data   RW         6068    .data               heap_4.o
    0x200000a8   0x08006420   0x0000000c   Data   RW         6136    .data               port.o
    0x200000b4        -       0x000000b0   Zero   RW          316    .bss                lora_gateway.o
    0x20000164        -       0x000001e4   Zero   RW          453    .bss                main.o
    0x20000348        -       0x00000060   Zero   RW          454    .bss                main.o
    0x200003a8        -       0x00000060   Zero   RW          455    .bss                main.o
    0x20000408        -       0x00000060   Zero   RW          456    .bss                main.o
    0x20000468        -       0x00000254   Zero   RW          546    .bss                freertos.o
    0x200006bc        -       0x00000048   Zero   RW          785    .bss                stm32f4xx_hal_timebase_tim.o
    0x20000704        -       0x000000f0   Zero   RW         5423    .bss                tasks.o
    0x200007f4        -       0x00003c00   Zero   RW         6067    .bss                heap_4.o
    0x200043f4        -       0x00000060   Zero   RW         6560    .bss                c_w.l(libspace.o)
    0x20004454   0x0800642c   0x00000004   PAD
    0x20004458        -       0x00000200   Zero   RW            2    HEAP                startup_stm32f411xe.o
    0x20004658        -       0x00000400   Zero   RW            1    STACK               startup_stm32f411xe.o


==============================================================================

Image component sizes


      Code (inc. data)   RO Data    RW Data    ZI Data      Debug   Object Name

       120          0          0          0          0      23269   cmsis_os.o
       588         94         20         16          0       5659   esp32_data.o
         0          0          0          0          0      19968   event_groups.o
        20          4          0          0        596       1232   freertos.o
       472         24          0         32      15360       7399   heap_4.o
       138          0          0          0          0       3534   list.o
      1354          6         80          0          0      14717   lora.o
      1104        230          0         18        176       7312   lora_gateway.o
      1478        228         40         12        772      12776   main.o
       786         82          0         12          0      11825   port.o
      1358         14          0          0          0      15310   queue.o
        64         26        408          0       1536        840   startup_stm32f411xe.o
       116         18          0         12          0       8562   stm32f4xx_hal.o
       736         34          0          0          0       2879   stm32f4xx_hal_adc.o
       158         14          0          0          0      33146   stm32f4xx_hal_cortex.o
      1084         16          8          0          0       7330   stm32f4xx_hal_dma.o
       530         40          0          0          0       3428   stm32f4xx_hal_gpio.o
       392         16          0          0          0       3111   stm32f4xx_hal_i2c.o
       884        102          0          0          0       5426   stm32f4xx_hal_msp.o
      1412         86          0          0          0       5885   stm32f4xx_hal_rcc.o
       340         26          0          0          0       1396   stm32f4xx_hal_rcc_ex.o
       676         16          0          0          0       6071   stm32f4xx_hal_rtc.o
      1744         12          0          0          0       9049   stm32f4xx_hal_spi.o
      1042         50          0          0          0      10113   stm32f4xx_hal_tim.o
       128         20          0          0          0       2449   stm32f4xx_hal_tim_ex.o
       152         18          0          0         72       1475   stm32f4xx_hal_timebase_tim.o
      1992         30          0          0          0      15254   stm32f4xx_hal_uart.o
       104         42          0          0          0       6549   stm32f4xx_it.o
         0          0          0          0          0        392   stream_buffer.o
        16          4         24          4          0       1123   system_stm32f4xx.o
      2020        156          0         60        240      25614   tasks.o
         0          0          0          0          0     489064   uart.o
       908         64         10         11          0       5214   user_task.o

    ----------------------------------------------------------------------
     21958       1472        626        180      18752     767371   Object Totals
         0          0         32          0          0          0   (incl. Generated)
        42          0          4          3          0          0   (incl. Padding)

    ----------------------------------------------------------------------

      Code (inc. data)   RO Data    RW Data    ZI Data      Debug   Library Member Name

        44          6          0          0          0         84   __2sprintf.o
         8          0          0          0          0         68   __main.o
       312          4         17          0          0         92   __printf_flags_wp.o
        14          0          0          0          0         68   __printf_wp.o
         0          0          0          0          0          0   __rtentry.o
        12          0          0          0          0          0   __rtentry2.o
         6          0          0          0          0          0   __rtentry4.o
        52          8          0          0          0          0   __scatter.o
        26          0          0          0          0          0   __scatter_copy.o
        28          0          0          0          0          0   __scatter_zi.o
        48          6          0          0          0         96   _printf_char_common.o
         6          0          0          0          0          0   _printf_d.o
       120         16          0          0          0         92   _printf_dec.o
        88          4         40          0          0         88   _printf_hex_int.o
       178          0          0          0          0         88   _printf_intcommon.o
        78          0          0          0          0        108   _printf_pad.o
         0          0          0          0          0          0   _printf_percent.o
         4          0          0          0          0          0   _printf_percent_end.o
         6          0          0          0          0          0   _printf_x.o
        10          0          0          0          0         68   _sputc.o
        18          0          0          0          0         80   exit.o
         6          0          0          0          0        152   heapauxi.o
         0          0          0          0          0          0   indicate_semi.o
         2          0          0          0          0          0   libinit.o
         6          0          0          0          0          0   libinit2.o
         2          0          0          0          0          0   libshutdown.o
         2          0          0          0          0          0   libshutdown2.o
         8          4          0          0         96         68   libspace.o
       238          0          0          0          0        100   lludivv7m.o
        78          0          0          0          0         80   rt_memclr_w.o
       138          0          0          0          0         68   rt_memcpy_v6.o
       100          0          0          0          0         80   rt_memcpy_w.o
         2          0          0          0          0          0   rtexit.o
        10          0          0          0          0          0   rtexit2.o
        62          0          0          0          0         76   strlen.o
        12          4          0          0          0         68   sys_exit.o
        74          0          0          0          0         80   sys_stackheap_outer.o
         2          0          0          0          0         68   use_no_semi.o
       688        140          0          0          0        256   ddiv.o
        94          4          0          0          0        140   dfix.o
        46          0          0          0          0        116   dflt_clz.o
       156          4          0          0          0        140   dnaninf.o
        12          0          0          0          0        116   dretinf.o
        10          0          0          0          0        116   fpinit.o
         0          0          0          0          0          0   usenofp.o

    ----------------------------------------------------------------------
      2820        200         60          0        100       2656   Library Totals
        14          0          3          0          4          0   (incl. Padding)

    ----------------------------------------------------------------------

      Code (inc. data)   RO Data    RW Data    ZI Data      Debug   Library Name

      1800         52         57          0         96       1772   c_w.l
      1006        148          0          0          0        884   fz_wm.l

    ----------------------------------------------------------------------
      2820        200         60          0        100       2656   Library Totals

    ----------------------------------------------------------------------

==============================================================================


      Code (inc. data)   RO Data    RW Data    ZI Data      Debug   

     24778       1672        686        180      18852     748643   Grand Totals
     24778       1672        686        180      18852     748643   ELF Image Totals
     24778       1672        686        180          0          0   ROM Totals

==============================================================================

    Total RO  Size (Code + RO Data)                25464 (  24.87kB)
    Total RW  Size (RW Data + ZI Data)             19032 (  18.59kB)
    Total ROM Size (Code + RO Data + RW Data)      25644 (  25.04kB)

==============================================================================

